Archive member included because of file (symbol)

/opt/gcc-arm-none-eabi-4_9-2015q3/bin/../lib/gcc/arm-none-eabi/4.9.3/../../../../arm-none-eabi/lib/armv7-m/libg_nano.a(lib_a-errno.o)
                              ./system/src/newlib/_sbrk.o (__errno)
/opt/gcc-arm-none-eabi-4_9-2015q3/bin/../lib/gcc/arm-none-eabi/4.9.3/../../../../arm-none-eabi/lib/armv7-m/libg_nano.a(lib_a-impure.o)
                              /opt/gcc-arm-none-eabi-4_9-2015q3/bin/../lib/gcc/arm-none-eabi/4.9.3/../../../../arm-none-eabi/lib/armv7-m/libg_nano.a(lib_a-errno.o) (_impure_ptr)
/opt/gcc-arm-none-eabi-4_9-2015q3/bin/../lib/gcc/arm-none-eabi/4.9.3/../../../../arm-none-eabi/lib/armv7-m/libg_nano.a(lib_a-strlen.o)
                              ./system/src/diag/Trace.o (strlen)
/opt/gcc-arm-none-eabi-4_9-2015q3/bin/../lib/gcc/arm-none-eabi/4.9.3/../../../../arm-none-eabi/lib/armv7-m/libg_nano.a(lib_a-vsnprintf.o)
                              ./system/src/diag/Trace.o (vsnprintf)
/opt/gcc-arm-none-eabi-4_9-2015q3/bin/../lib/gcc/arm-none-eabi/4.9.3/../../../../arm-none-eabi/lib/armv7-m/libg_nano.a(lib_a-nano-svfprintf.o)
                              /opt/gcc-arm-none-eabi-4_9-2015q3/bin/../lib/gcc/arm-none-eabi/4.9.3/../../../../arm-none-eabi/lib/armv7-m/libg_nano.a(lib_a-vsnprintf.o) (_svfprintf_r)
/opt/gcc-arm-none-eabi-4_9-2015q3/bin/../lib/gcc/arm-none-eabi/4.9.3/../../../../arm-none-eabi/lib/armv7-m/libg_nano.a(lib_a-nano-vfprintf_i.o)
                              /opt/gcc-arm-none-eabi-4_9-2015q3/bin/../lib/gcc/arm-none-eabi/4.9.3/../../../../arm-none-eabi/lib/armv7-m/libg_nano.a(lib_a-nano-svfprintf.o) (_printf_i)
/opt/gcc-arm-none-eabi-4_9-2015q3/bin/../lib/gcc/arm-none-eabi/4.9.3/../../../../arm-none-eabi/lib/armv7-m/libg_nano.a(lib_a-memchr.o)
                              /opt/gcc-arm-none-eabi-4_9-2015q3/bin/../lib/gcc/arm-none-eabi/4.9.3/../../../../arm-none-eabi/lib/armv7-m/libg_nano.a(lib_a-nano-svfprintf.o) (memchr)
/opt/gcc-arm-none-eabi-4_9-2015q3/bin/../lib/gcc/arm-none-eabi/4.9.3/../../../../arm-none-eabi/lib/armv7-m/libg_nano.a(lib_a-memcpy.o)
                              /opt/gcc-arm-none-eabi-4_9-2015q3/bin/../lib/gcc/arm-none-eabi/4.9.3/../../../../arm-none-eabi/lib/armv7-m/libg_nano.a(lib_a-nano-svfprintf.o) (memcpy)
/opt/gcc-arm-none-eabi-4_9-2015q3/bin/../lib/gcc/arm-none-eabi/4.9.3/../../../../arm-none-eabi/lib/armv7-m/libg_nano.a(lib_a-memmove.o)
                              /opt/gcc-arm-none-eabi-4_9-2015q3/bin/../lib/gcc/arm-none-eabi/4.9.3/../../../../arm-none-eabi/lib/armv7-m/libg_nano.a(lib_a-nano-svfprintf.o) (memmove)
/opt/gcc-arm-none-eabi-4_9-2015q3/bin/../lib/gcc/arm-none-eabi/4.9.3/../../../../arm-none-eabi/lib/armv7-m/libg_nano.a(lib_a-nano-freer.o)
                              /opt/gcc-arm-none-eabi-4_9-2015q3/bin/../lib/gcc/arm-none-eabi/4.9.3/../../../../arm-none-eabi/lib/armv7-m/libg_nano.a(lib_a-nano-svfprintf.o) (_free_r)
/opt/gcc-arm-none-eabi-4_9-2015q3/bin/../lib/gcc/arm-none-eabi/4.9.3/../../../../arm-none-eabi/lib/armv7-m/libg_nano.a(lib_a-nano-mallocr.o)
                              /opt/gcc-arm-none-eabi-4_9-2015q3/bin/../lib/gcc/arm-none-eabi/4.9.3/../../../../arm-none-eabi/lib/armv7-m/libg_nano.a(lib_a-nano-svfprintf.o) (_malloc_r)
/opt/gcc-arm-none-eabi-4_9-2015q3/bin/../lib/gcc/arm-none-eabi/4.9.3/../../../../arm-none-eabi/lib/armv7-m/libg_nano.a(lib_a-nano-reallocr.o)
                              /opt/gcc-arm-none-eabi-4_9-2015q3/bin/../lib/gcc/arm-none-eabi/4.9.3/../../../../arm-none-eabi/lib/armv7-m/libg_nano.a(lib_a-nano-svfprintf.o) (_realloc_r)
/opt/gcc-arm-none-eabi-4_9-2015q3/bin/../lib/gcc/arm-none-eabi/4.9.3/../../../../arm-none-eabi/lib/armv7-m/libg_nano.a(lib_a-sbrkr.o)
                              /opt/gcc-arm-none-eabi-4_9-2015q3/bin/../lib/gcc/arm-none-eabi/4.9.3/../../../../arm-none-eabi/lib/armv7-m/libg_nano.a(lib_a-nano-mallocr.o) (_sbrk_r)
/opt/gcc-arm-none-eabi-4_9-2015q3/bin/../lib/gcc/arm-none-eabi/4.9.3/../../../../arm-none-eabi/lib/armv7-m/libg_nano.a(lib_a-nano-msizer.o)
                              /opt/gcc-arm-none-eabi-4_9-2015q3/bin/../lib/gcc/arm-none-eabi/4.9.3/../../../../arm-none-eabi/lib/armv7-m/libg_nano.a(lib_a-nano-reallocr.o) (_malloc_usable_size_r)

Allocating common symbols
Common symbol       size              file

timer_delayCount    0x4               ./src/Timer.o
errno               0x4               ./system/src/newlib/_syscalls.o

Discarded input sections

 .group         0x00000000        0x8 ./system/src/stm32f1-stdperiph/misc.o
 .group         0x00000000        0x8 ./system/src/stm32f1-stdperiph/misc.o
 .group         0x00000000        0x8 ./system/src/stm32f1-stdperiph/misc.o
 .group         0x00000000        0x8 ./system/src/stm32f1-stdperiph/misc.o
 .group         0x00000000        0x8 ./system/src/stm32f1-stdperiph/misc.o
 .group         0x00000000        0x8 ./system/src/stm32f1-stdperiph/misc.o
 .group         0x00000000        0x8 ./system/src/stm32f1-stdperiph/misc.o
[...]
Memory Configuration

Name             Origin             Length             Attributes
RAM              0x20000000         0x00005000         xrw
CCMRAM           0x00000000         0x00000000         xrw
FLASH            0x08000000         0x00010000         xr
FLASHB1          0x00000000         0x00000000         xr
EXTMEMB0         0x00000000         0x00000000         xr
EXTMEMB1         0x00000000         0x00000000         xr
EXTMEMB2         0x00000000         0x00000000         xr
EXTMEMB3         0x00000000         0x00000000         xr
MEMORY_ARRAY     0x00000000         0x00000000         xrw
*default*        0x00000000         0xffffffff

Linker script and memory map

LOAD ./system/src/stm32f1-stdperiph/misc.o
LOAD ./system/src/stm32f1-stdperiph/stm32f10x_gpio.o
LOAD ./system/src/stm32f1-stdperiph/stm32f10x_rcc.o
LOAD ./system/src/newlib/_cxx.o
LOAD ./system/src/newlib/_exit.o
LOAD ./system/src/newlib/_sbrk.o
LOAD ./system/src/newlib/_startup.o
LOAD ./system/src/newlib/_syscalls.o
LOAD ./system/src/newlib/assert.o
LOAD ./system/src/diag/Trace.o
LOAD ./system/src/diag/trace_impl.o
LOAD ./system/src/cortexm/_initialize_hardware.o
LOAD ./system/src/cortexm/_reset_hardware.o
LOAD ./system/src/cortexm/exception_handlers.o
LOAD ./system/src/cmsis/system_stm32f10x.o
LOAD ./system/src/cmsis/vectors_stm32f10x.o
LOAD ./src/BlinkLed.o
LOAD ./src/Timer.o
LOAD ./src/_write.o
LOAD ./src/main.o
LOAD /opt/gcc-arm-none-eabi-4_9-2015q3/bin/../lib/gcc/arm-none-eabi/4.9.3/../../../../arm-none-eabi/lib/armv7-m/libstdc++_nano.a
LOAD /opt/gcc-arm-none-eabi-4_9-2015q3/bin/../lib/gcc/arm-none-eabi/4.9.3/../../../../arm-none-eabi/lib/armv7-m/libm.a
START GROUP
LOAD /opt/gcc-arm-none-eabi-4_9-2015q3/bin/../lib/gcc/arm-none-eabi/4.9.3/armv7-m/libgcc.a
LOAD /opt/gcc-arm-none-eabi-4_9-2015q3/bin/../lib/gcc/arm-none-eabi/4.9.3/../../../../arm-none-eabi/lib/armv7-m/libg_nano.a
LOAD /opt/gcc-arm-none-eabi-4_9-2015q3/bin/../lib/gcc/arm-none-eabi/4.9.3/../../../../arm-none-eabi/lib/armv7-m/libc_nano.a
END GROUP
START GROUP
LOAD /opt/gcc-arm-none-eabi-4_9-2015q3/bin/../lib/gcc/arm-none-eabi/4.9.3/armv7-m/libgcc.a
LOAD /opt/gcc-arm-none-eabi-4_9-2015q3/bin/../lib/gcc/arm-none-eabi/4.9.3/../../../../arm-none-eabi/lib/armv7-m/libc_nano.a
END GROUP
                0x20005000                __stack = (ORIGIN (RAM) + 0x5000)
                0x20005000                _estack = __stack
                0x00000400                __Main_Stack_Size = 0x400
                0x00000400                PROVIDE (_Main_Stack_Size, __Main_Stack_Size)
                0x20004c00                __Main_Stack_Limit = (__stack - __Main_Stack_Size)
                0x20004c00                PROVIDE (_Main_Stack_Limit, __Main_Stack_Limit)
                0x00000100                _Minimum_Stack_Size = 0x100
                0x20000128                PROVIDE (_Heap_Begin, _end_noinit)
                0x20004c00                PROVIDE (_Heap_Limit, (__stack - __Main_Stack_Size))

.isr_vector     0x08000000      0x354
 FILL mask 0xff
                0x08000000                __vectors_start = ABSOLUTE (.)
                0x08000000                __vectors_start__ = ABSOLUTE (.)
 *(.isr_vector)
 .isr_vector    0x08000000      0x10c ./system/src/cmsis/vectors_stm32f10x.o
                0x08000000                __isr_vectors
 *(.cfmconfig)
 *(.after_vectors .after_vectors.*)
 .after_vectors
                0x0800010c      0x114 ./system/src/newlib/_startup.o
                0x0800010c                _start
 .after_vectors
                0x08000220      0x130 ./system/src/cortexm/exception_handlers.o
                0x08000220                Reset_Handler
                0x08000228                NMI_Handler
                0x0800022c                HardFault_Handler
                0x08000240                HardFault_Handler_C
                0x080002a0                MemManage_Handler
                0x080002a4                BusFault_Handler
                0x080002b8                BusFault_Handler_C
                0x080002ec                UsageFault_Handler
                0x08000300                UsageFault_Handler_C
                0x08000334                SVC_Handler
                0x08000338                DebugMon_Handler
                0x0800033c                PendSV_Handler
 .after_vectors
                0x08000350        0x4 ./system/src/cmsis/vectors_stm32f10x.o
                0x08000350                EXTI2_IRQHandler
                0x08000350                TIM8_TRG_COM_IRQHandler
                0x08000350                TIM8_CC_IRQHandler
                0x08000350                TIM1_CC_IRQHandler
                0x08000350                TIM6_IRQHandler
                0x08000350                PVD_IRQHandler
                0x08000350                SDIO_IRQHandler
                0x08000350                CAN2_RX1_IRQHandler
                0x08000350                EXTI3_IRQHandler
                0x08000350                TIM8_TRG_COM_TIM14_IRQHandler
                0x08000350                TIM1_UP_TIM10_IRQHandler
                0x08000350                TIM8_UP_TIM13_IRQHandler
                0x08000350                EXTI0_IRQHandler
                0x08000350                I2C2_EV_IRQHandler
                0x08000350                CAN1_RX0_IRQHandler
                0x08000350                TIM1_UP_TIM16_IRQHandler
                0x08000350                CAN2_SCE_IRQHandler
                0x08000350                ADC1_2_IRQHandler
                0x08000350                SPI1_IRQHandler
                0x08000350                TAMPER_IRQHandler
                0x08000350                TIM6_DAC_IRQHandler
                0x08000350                TIM1_BRK_TIM9_IRQHandler
                0x08000350                CAN2_RX0_IRQHandler
                0x08000350                TIM8_UP_IRQHandler
                0x08000350                DMA2_Channel2_IRQHandler
                0x08000350                DMA1_Channel4_IRQHandler
                0x08000350                USART3_IRQHandler
                0x08000350                RTC_IRQHandler
                0x08000350                DMA1_Channel7_IRQHandler
                0x08000350                CAN1_RX1_IRQHandler
                0x08000350                UART5_IRQHandler
                0x08000350                ADC3_IRQHandler
                0x08000350                TIM4_IRQHandler
                0x08000350                DMA2_Channel1_IRQHandler
                0x08000350                I2C1_EV_IRQHandler
                0x08000350                DMA1_Channel6_IRQHandler
                0x08000350                UART4_IRQHandler
                0x08000350                DMA2_Channel4_IRQHandler
                0x08000350                TIM3_IRQHandler
                0x08000350                RCC_IRQHandler
                0x08000350                TIM8_BRK_TIM12_IRQHandler
                0x08000350                TIM1_TRG_COM_IRQHandler
                0x08000350                DMA1_Channel1_IRQHandler
                0x08000350                Default_Handler
                0x08000350                CEC_IRQHandler
                0x08000350                EXTI15_10_IRQHandler
                0x08000350                TIM14_IRQHandler
                0x08000350                TIM13_IRQHandler
                0x08000350                TIM12_IRQHandler
                0x08000350                TIM7_IRQHandler
                0x08000350                CAN2_TX_IRQHandler
                0x08000350                TIM5_IRQHandler
                0x08000350                EXTI9_5_IRQHandler
                0x08000350                ETH_WKUP_IRQHandler
                0x08000350                SPI2_IRQHandler
                0x08000350                CAN1_TX_IRQHandler
                0x08000350                DMA2_Channel5_IRQHandler
                0x08000350                DMA1_Channel5_IRQHandler
                0x08000350                EXTI4_IRQHandler
                0x08000350                USB_LP_CAN1_RX0_IRQHandler
                0x08000350                TIM1_TRG_COM_TIM17_IRQHandler
                0x08000350                USB_HP_CAN1_TX_IRQHandler
                0x08000350                DMA1_Channel3_IRQHandler
                0x08000350                FSMC_IRQHandler
                0x08000350                ETH_IRQHandler
                0x08000350                TIM1_UP_IRQHandler
                0x08000350                WWDG_IRQHandler
                0x08000350                TIM2_IRQHandler
                0x08000350                OTG_FS_WKUP_IRQHandler
                0x08000350                TIM1_TRG_COM_TIM11_IRQHandler
                0x08000350                TIM1_BRK_IRQHandler
                0x08000350                EXTI1_IRQHandler
                0x08000350                RTCAlarm_IRQHandler
                0x08000350                DMA2_Channel4_5_IRQHandler
                0x08000350                USART2_IRQHandler
                0x08000350                I2C2_ER_IRQHandler
                0x08000350                DMA1_Channel2_IRQHandler
                0x08000350                TIM8_BRK_IRQHandler
                0x08000350                CAN1_SCE_IRQHandler
                0x08000350                FLASH_IRQHandler
                0x08000350                USART1_IRQHandler
                0x08000350                OTG_FS_IRQHandler
                0x08000350                SPI3_IRQHandler
                0x08000350                I2C1_ER_IRQHandler
                0x08000350                USBWakeUp_IRQHandler
                0x08000350                DMA2_Channel3_IRQHandler
                0x08000350                TIM1_BRK_TIM15_IRQHandler

.inits          0x08000354       0x28
                0x08000354                __data_regions_array_start = .
                0x08000354        0x4 LONG 0x8001620 LOADADDR (.data)
                0x08000358        0x4 LONG 0x20000000 ADDR (.data)
                0x0800035c        0x4 LONG 0x20000088 (ADDR (.data) + SIZEOF (.data))
                0x08000360        0x4 LONG 0x8001620 LOADADDR (.data_CCMRAM)
                0x08000364        0x4 LONG 0x0 ADDR (.data_CCMRAM)
                0x08000368        0x4 LONG 0x0 (ADDR (.data_CCMRAM) + SIZEOF (.data_CCMRAM))
                0x0800036c                __data_regions_array_end = .
                0x0800036c                __bss_regions_array_start = .
                0x0800036c        0x4 LONG 0x20000088 ADDR (.bss)
                0x08000370        0x4 LONG 0x20000128 (ADDR (.bss) + SIZEOF (.bss))
                0x08000374        0x4 LONG 0x0 ADDR (.bss_CCMRAM)
                0x08000378        0x4 LONG 0x0 (ADDR (.bss_CCMRAM) + SIZEOF (.bss_CCMRAM))
                0x0800037c                __bss_regions_array_end = .
 *(.init)
 *(.fini)
                0x0800037c                . = ALIGN (0x4)
                0x0800037c                PROVIDE (__preinit_array_start, .)
 *(.preinit_array_sysinit .preinit_array_sysinit.*)
 *(.preinit_array_platform .preinit_array_platform.*)
 *(.preinit_array .preinit_array.*)
                0x0800037c                PROVIDE (__preinit_array_end, .)
                0x0800037c                . = ALIGN (0x4)
                0x0800037c                PROVIDE (__init_array_start, .)
 *(SORT(.init_array.*))
 *(.init_array)
                0x0800037c                PROVIDE (__init_array_end, .)
                0x0800037c                . = ALIGN (0x4)
                0x0800037c                PROVIDE (__fini_array_start, .)
 *(SORT(.fini_array.*))
 *(.fini_array)
                0x0800037c                PROVIDE (__fini_array_end, .)

.flashtext
 *(.flashtext .flashtext.*)

.text           0x0800037c     0x12a1
 *(.text .text.*)
 .text.GPIO_Init
                0x0800037c      0x12c ./system/src/stm32f1-stdperiph/stm32f10x_gpio.o
                0x0800037c                GPIO_Init
 .text.GPIO_SetBits
                0x080004a8       0x60 ./system/src/stm32f1-stdperiph/stm32f10x_gpio.o
                0x080004a8                GPIO_SetBits
 .text.GPIO_ResetBits
                0x08000508       0x60 ./system/src/stm32f1-stdperiph/stm32f10x_gpio.o
                0x08000508                GPIO_ResetBits
 .text.RCC_APB2PeriphClockCmd
                0x08000568       0x4c ./system/src/stm32f1-stdperiph/stm32f10x_rcc.o
                0x08000568                RCC_APB2PeriphClockCmd
 .text._exit    0x080005b4        0x4 ./system/src/newlib/_exit.o
                0x080005b4                _exit
 .text.abort    0x080005b8       0x14 ./system/src/newlib/_exit.o
                0x080005b8                abort
 .text._sbrk    0x080005cc       0x44 ./system/src/newlib/_sbrk.o
                0x080005cc                _sbrk
 .text.__initialize_args
                0x08000610       0x10 ./system/src/newlib/_syscalls.o
                0x08000610                __initialize_args
 .text.assert_failed
                0x08000620       0x18 ./system/src/newlib/assert.o
                0x08000620                assert_failed
 .text.trace_printf
                0x08000638       0x34 ./system/src/diag/Trace.o
                0x08000638                trace_printf
 .text.trace_puts
                0x0800066c       0x20 ./system/src/diag/Trace.o
                0x0800066c                trace_puts
 .text._trace_write_semihosting_debug
                0x0800068c       0x64 ./system/src/diag/trace_impl.o
 .text.trace_write
                0x080006f0        0x8 ./system/src/diag/trace_impl.o
                0x080006f0                trace_write
 .text.__initialize_hardware_early
                0x080006f8       0x18 ./system/src/cortexm/_initialize_hardware.o
                0x080006f8                __initialize_hardware_early
 .text.__initialize_hardware
                0x08000710        0x8 ./system/src/cortexm/_initialize_hardware.o
                0x08000710                __initialize_hardware
 .text.dumpExceptionStack
                0x08000718       0xf0 ./system/src/cortexm/exception_handlers.o
                0x08000718                dumpExceptionStack
 .text.isSemihosting
                0x08000808       0x20 ./system/src/cortexm/exception_handlers.o
                0x08000808                isSemihosting
 .text.SetSysClockTo72
                0x08000828       0xc4 ./system/src/cmsis/system_stm32f10x.o
 .text.SetSysClock
                0x080008ec        0x8 ./system/src/cmsis/system_stm32f10x.o
 .text.SystemInit
                0x080008f4       0x50 ./system/src/cmsis/system_stm32f10x.o
                0x080008f4                SystemInit
 .text.SystemCoreClockUpdate
                0x08000944       0x94 ./system/src/cmsis/system_stm32f10x.o
                0x08000944                SystemCoreClockUpdate
 .text.blink_led_init
                0x080009d8       0x3c ./src/BlinkLed.o
                0x080009d8                blink_led_init
 .text.timer_start
                0x08000a14       0x3c ./src/Timer.o
                0x08000a14                timer_start
 .text.timer_sleep
                0x08000a50       0x14 ./src/Timer.o
                0x08000a50                timer_sleep
 .text.timer_tick
                0x08000a64       0x14 ./src/Timer.o
                0x08000a64                timer_tick
 .text.SysTick_Handler
                0x08000a78        0x8 ./src/Timer.o
                0x08000a78                SysTick_Handler
 .text.main     0x08000a80       0x68 ./src/main.o
                0x08000a80                main
 .text.__errno  0x08000ae8        0xc /opt/gcc-arm-none-eabi-4_9-2015q3/bin/../lib/gcc/arm-none-eabi/4.9.3/../../../../arm-none-eabi/lib/armv7-m/libg_nano.a(lib_a-errno.o)
                0x08000ae8                __errno
 .text.strlen   0x08000af4       0x10 /opt/gcc-arm-none-eabi-4_9-2015q3/bin/../lib/gcc/arm-none-eabi/4.9.3/../../../../arm-none-eabi/lib/armv7-m/libg_nano.a(lib_a-strlen.o)
                0x08000af4                strlen
 .text._vsnprintf_r
                0x08000b04       0x52 /opt/gcc-arm-none-eabi-4_9-2015q3/bin/../lib/gcc/arm-none-eabi/4.9.3/../../../../arm-none-eabi/lib/armv7-m/libg_nano.a(lib_a-vsnprintf.o)
                0x08000b04                _vsnprintf_r
                0x08000b04                _vsniprintf_r
 *fill*         0x08000b56        0x2 
 .text.vsnprintf
                0x08000b58       0x20 /opt/gcc-arm-none-eabi-4_9-2015q3/bin/../lib/gcc/arm-none-eabi/4.9.3/../../../../arm-none-eabi/lib/armv7-m/libg_nano.a(lib_a-vsnprintf.o)
                0x08000b58                vsnprintf
                0x08000b58                vsniprintf
 .text.__ssputs_r
                0x08000b78       0xb2 /opt/gcc-arm-none-eabi-4_9-2015q3/bin/../lib/gcc/arm-none-eabi/4.9.3/../../../../arm-none-eabi/lib/armv7-m/libg_nano.a(lib_a-nano-svfprintf.o)
                0x08000b78                __ssputs_r
 *fill*         0x08000c2a        0x2 
 .text._svfprintf_r
                0x08000c2c      0x1e4 /opt/gcc-arm-none-eabi-4_9-2015q3/bin/../lib/gcc/arm-none-eabi/4.9.3/../../../../arm-none-eabi/lib/armv7-m/libg_nano.a(lib_a-nano-svfprintf.o)
                0x08000c2c                _svfprintf_r
                0x08000c2c                _svfiprintf_r
 .text._printf_common
                0x08000e10       0xea /opt/gcc-arm-none-eabi-4_9-2015q3/bin/../lib/gcc/arm-none-eabi/4.9.3/../../../../arm-none-eabi/lib/armv7-m/libg_nano.a(lib_a-nano-vfprintf_i.o)
                0x08000e10                _printf_common
 *fill*         0x08000efa        0x2 
 .text._printf_i
                0x08000efc      0x240 /opt/gcc-arm-none-eabi-4_9-2015q3/bin/../lib/gcc/arm-none-eabi/4.9.3/../../../../arm-none-eabi/lib/armv7-m/libg_nano.a(lib_a-nano-vfprintf_i.o)
                0x08000efc                _printf_i
 .text.memchr   0x0800113c       0x1c /opt/gcc-arm-none-eabi-4_9-2015q3/bin/../lib/gcc/arm-none-eabi/4.9.3/../../../../arm-none-eabi/lib/armv7-m/libg_nano.a(lib_a-memchr.o)
                0x0800113c                memchr
 .text.memcpy   0x08001158       0x16 /opt/gcc-arm-none-eabi-4_9-2015q3/bin/../lib/gcc/arm-none-eabi/4.9.3/../../../../arm-none-eabi/lib/armv7-m/libg_nano.a(lib_a-memcpy.o)
                0x08001158                memcpy
 .text.memmove  0x0800116e       0x36 /opt/gcc-arm-none-eabi-4_9-2015q3/bin/../lib/gcc/arm-none-eabi/4.9.3/../../../../arm-none-eabi/lib/armv7-m/libg_nano.a(lib_a-memmove.o)
                0x0800116e                memmove
 .text._free_r  0x080011a4       0x88 /opt/gcc-arm-none-eabi-4_9-2015q3/bin/../lib/gcc/arm-none-eabi/4.9.3/../../../../arm-none-eabi/lib/armv7-m/libg_nano.a(lib_a-nano-freer.o)
                0x080011a4                _free_r
 .text._malloc_r
                0x0800122c       0xac /opt/gcc-arm-none-eabi-4_9-2015q3/bin/../lib/gcc/arm-none-eabi/4.9.3/../../../../arm-none-eabi/lib/armv7-m/libg_nano.a(lib_a-nano-mallocr.o)
                0x0800122c                _malloc_r
 .text._realloc_r
                0x080012d8       0x4c /opt/gcc-arm-none-eabi-4_9-2015q3/bin/../lib/gcc/arm-none-eabi/4.9.3/../../../../arm-none-eabi/lib/armv7-m/libg_nano.a(lib_a-nano-reallocr.o)
                0x080012d8                _realloc_r
 .text._sbrk_r  0x08001324       0x20 /opt/gcc-arm-none-eabi-4_9-2015q3/bin/../lib/gcc/arm-none-eabi/4.9.3/../../../../arm-none-eabi/lib/armv7-m/libg_nano.a(lib_a-sbrkr.o)
                0x08001324                _sbrk_r
 .text._malloc_usable_size_r
                0x08001344       0x14 /opt/gcc-arm-none-eabi-4_9-2015q3/bin/../lib/gcc/arm-none-eabi/4.9.3/../../../../arm-none-eabi/lib/armv7-m/libg_nano.a(lib_a-nano-msizer.o)
                0x08001344                _malloc_usable_size_r
 *(.rodata .rodata.* .constdata .constdata.*)
 .rodata.str1.4
                0x08001358       0x31 ./system/src/stm32f1-stdperiph/stm32f10x_gpio.o
 *fill*         0x08001389        0x3 
 .rodata.str1.4
                0x0800138c       0x30 ./system/src/stm32f1-stdperiph/stm32f10x_rcc.o
 .rodata.str1.4
                0x080013bc       0x14 ./system/src/newlib/_exit.o
 .rodata.str1.4
                0x080013d0       0x6b ./system/src/newlib/assert.o
                                 0x6f (size before relaxing)
 *fill*         0x0800143b        0x1 
 .rodata.str1.4
                0x0800143c       0x29 ./system/src/diag/Trace.o
                                 0x2d (size before relaxing)
 *fill*         0x08001465        0x3 
 .rodata.str1.4
                0x08001468      0x146 ./system/src/cortexm/exception_handlers.o
 *fill*         0x080015ae        0x2 
 .rodata.str1.4
                0x080015b0       0x38 ./src/main.o
                                 0x37 (size before relaxing)
 .rodata.str1.1
                0x080015e8        0x2 /opt/gcc-arm-none-eabi-4_9-2015q3/bin/../lib/gcc/arm-none-eabi/4.9.3/../../../../arm-none-eabi/lib/armv7-m/libg_nano.a(lib_a-impure.o)
 .rodata.str1.1
                0x080015ea       0x11 /opt/gcc-arm-none-eabi-4_9-2015q3/bin/../lib/gcc/arm-none-eabi/4.9.3/../../../../arm-none-eabi/lib/armv7-m/libg_nano.a(lib_a-nano-svfprintf.o)
 .rodata.str1.1
                0x080015fb       0x22 /opt/gcc-arm-none-eabi-4_9-2015q3/bin/../lib/gcc/arm-none-eabi/4.9.3/../../../../arm-none-eabi/lib/armv7-m/libg_nano.a(lib_a-nano-vfprintf_i.o)
 *(vtable)
 *(.eh_frame*)
 *(.glue_7)
 .glue_7        0x00000000        0x0 linker stubs
 *(.glue_7t)
 .glue_7t       0x00000000        0x0 linker stubs

.vfp11_veneer   0x08001620        0x0
 .vfp11_veneer  0x00000000        0x0 linker stubs

.v4_bx          0x08001620        0x0
 .v4_bx         0x00000000        0x0 linker stubs

.iplt           0x08001620        0x0
 .iplt          0x00000000        0x0 ./system/src/stm32f1-stdperiph/misc.o

.rel.dyn        0x08001620        0x0
 .rel.iplt      0x00000000        0x0 ./system/src/stm32f1-stdperiph/misc.o

.ARM.extab
 *(.ARM.extab* .gnu.linkonce.armextab.*)
                0x08001620                . = ALIGN (0x4)
                0x08001620                __exidx_start = .

.ARM.exidx
 *(.ARM.exidx* .gnu.linkonce.armexidx.*)
                0x08001620                __exidx_end = .
                0x08001620                . = ALIGN (0x4)
                0x08001620                _etext = .
                0x08001620                __etext = .

.data_CCMRAM    0x00000000        0x0 load address 0x08001620
 FILL mask 0xff
 *(.data.CCMRAM .data.CCMRAM.*)
                0x00000000                . = ALIGN (0x4)
                0x08001620                _sidata = LOADADDR (.data)

.data           0x20000000       0x88 load address 0x08001620
 FILL mask 0xff
                0x20000000                _sdata = .
                0x20000000                __data_start__ = .
 *(.data_begin .data_begin.*)
 .data_begin    0x20000000        0x4 ./system/src/newlib/_startup.o
 *(.data .data.*)
 .data.argv.4161
                0x20000004        0x8 ./system/src/newlib/_syscalls.o
 .data.AHBPrescTable
                0x2000000c       0x10 ./system/src/cmsis/system_stm32f10x.o
                0x2000000c                AHBPrescTable
 .data.SystemCoreClock
                0x2000001c        0x4 ./system/src/cmsis/system_stm32f10x.o
                0x2000001c                SystemCoreClock
 .data.impure_data
                0x20000020       0x60 /opt/gcc-arm-none-eabi-4_9-2015q3/bin/../lib/gcc/arm-none-eabi/4.9.3/../../../../arm-none-eabi/lib/armv7-m/libg_nano.a(lib_a-impure.o)
 .data._impure_ptr
                0x20000080        0x4 /opt/gcc-arm-none-eabi-4_9-2015q3/bin/../lib/gcc/arm-none-eabi/4.9.3/../../../../arm-none-eabi/lib/armv7-m/libg_nano.a(lib_a-impure.o)
                0x20000080                _impure_ptr
 *(.data_end .data_end.*)
 .data_end      0x20000084        0x4 ./system/src/newlib/_startup.o
                0x20000088                . = ALIGN (0x4)
                0x20000088                _edata = .
                0x20000088                __data_end__ = .

.igot.plt       0x20000088        0x0 load address 0x080016a8
 .igot.plt      0x00000000        0x0 ./system/src/stm32f1-stdperiph/misc.o

.bss_CCMRAM     0x00000000        0x0
 *(.bss.CCMRAM .bss.CCMRAM.*)

.bss            0x20000088       0xa0
                0x20000088                __bss_start__ = .
                0x20000088                _sbss = .
 *(.bss_begin .bss_begin.*)
 .bss_begin     0x20000088        0x4 ./system/src/newlib/_startup.o
 *(.bss .bss.*)
 .bss.current_heap_end.3862
                0x2000008c        0x4 ./system/src/newlib/_sbrk.o
 .bss.name.4160
                0x20000090        0x1 ./system/src/newlib/_syscalls.o
 *fill*         0x20000091        0x3 
 .bss.buf.4998  0x20000094       0x80 ./system/src/diag/Trace.o
 .bss.__malloc_sbrk_start
                0x20000114        0x4 /opt/gcc-arm-none-eabi-4_9-2015q3/bin/../lib/gcc/arm-none-eabi/4.9.3/../../../../arm-none-eabi/lib/armv7-m/libg_nano.a(lib_a-nano-mallocr.o)
                0x20000114                __malloc_sbrk_start
 .bss.__malloc_free_list
                0x20000118        0x4 /opt/gcc-arm-none-eabi-4_9-2015q3/bin/../lib/gcc/arm-none-eabi/4.9.3/../../../../arm-none-eabi/lib/armv7-m/libg_nano.a(lib_a-nano-mallocr.o)
                0x20000118                __malloc_free_list
 *(COMMON)
 COMMON         0x2000011c        0x4 ./system/src/newlib/_syscalls.o
                0x2000011c                errno
 COMMON         0x20000120        0x4 ./src/Timer.o
                0x20000120                timer_delayCount
 *(.bss_end .bss_end.*)
 .bss_end       0x20000124        0x4 ./system/src/newlib/_startup.o
                0x20000128                . = ALIGN (0x4)
                0x20000128                __bss_end__ = .
                0x20000128                _ebss = .

.noinit_CCMRAM
 *(.noinit.CCMRAM .noinit.CCMRAM.*)

.noinit         0x20000128        0x0
                0x20000128                _noinit = .
 *(.noinit .noinit.*)
                0x20000128                . = ALIGN (0x4)
                0x20000128                _end_noinit = .
                0x20000128                PROVIDE (end, _end_noinit)
                0x20000128                PROVIDE (_end, _end_noinit)
                0x20000128                PROVIDE (__end, _end_noinit)
                0x20000128                PROVIDE (__end__, _end_noinit)

._check_stack   0x20000128      0x100
                0x20000228                . = (. + _Minimum_Stack_Size)
 *fill*         0x20000128      0x100 

.b1text
 *(.b1text)
 *(.b1rodata)
 *(.b1rodata.*)

.eb0text
 *(.eb0text)
 *(.eb0rodata)
 *(.eb0rodata.*)

.eb1text
 *(.eb1text)
 *(.eb1rodata)
 *(.eb1rodata.*)

.eb2text
 *(.eb2text)
 *(.eb2rodata)
 *(.eb2rodata.*)

.eb3text
 *(.eb3text)
 *(.eb3rodata)
 *(.eb3rodata.*)

.stab
 *(.stab)

.stabstr
 *(.stabstr)

.stab.excl
 *(.stab.excl)

.stab.exclstr
 *(.stab.exclstr)

.stab.index
 *(.stab.index)

.stab.indexstr
 *(.stab.indexstr)

.comment        0x00000000       0x70
 *(.comment)
 .comment       0x00000000       0x70 ./system/src/stm32f1-stdperiph/stm32f10x_gpio.o
                                 0x71 (size before relaxing)
 .comment       0x00000000       0x71 ./system/src/stm32f1-stdperiph/stm32f10x_rcc.o
 .comment       0x00000000       0x71 ./system/src/newlib/_exit.o
 .comment       0x00000000       0x71 ./system/src/newlib/_sbrk.o
 .comment       0x00000000       0x71 ./system/src/newlib/_startup.o
 .comment       0x00000000       0x71 ./system/src/newlib/_syscalls.o
 .comment       0x00000000       0x71 ./system/src/newlib/assert.o
 .comment       0x00000000       0x71 ./system/src/diag/Trace.o
 .comment       0x00000000       0x71 ./system/src/diag/trace_impl.o
 .comment       0x00000000       0x71 ./system/src/cortexm/_initialize_hardware.o
 .comment       0x00000000       0x71 ./system/src/cortexm/exception_handlers.o
 .comment       0x00000000       0x71 ./system/src/cmsis/system_stm32f10x.o
 .comment       0x00000000       0x71 ./system/src/cmsis/vectors_stm32f10x.o
 .comment       0x00000000       0x71 ./src/BlinkLed.o
 .comment       0x00000000       0x71 ./src/Timer.o
 .comment       0x00000000       0x71 ./src/main.o

.ARM.attributes
                0x00000000       0x33
 .ARM.attributes
                0x00000000       0x33 ./system/src/stm32f1-stdperiph/stm32f10x_gpio.o
 .ARM.attributes
                0x00000033       0x33 ./system/src/stm32f1-stdperiph/stm32f10x_rcc.o
 .ARM.attributes
                0x00000066       0x33 ./system/src/newlib/_exit.o
 .ARM.attributes
                0x00000099       0x33 ./system/src/newlib/_sbrk.o
 .ARM.attributes
                0x000000cc       0x33 ./system/src/newlib/_startup.o
 .ARM.attributes
                0x000000ff       0x33 ./system/src/newlib/_syscalls.o
 .ARM.attributes
                0x00000132       0x33 ./system/src/newlib/assert.o
 .ARM.attributes
                0x00000165       0x33 ./system/src/diag/Trace.o
 .ARM.attributes
                0x00000198       0x33 ./system/src/diag/trace_impl.o
 .ARM.attributes
                0x000001cb       0x33 ./system/src/cortexm/_initialize_hardware.o
 .ARM.attributes
                0x000001fe       0x33 ./system/src/cortexm/exception_handlers.o
 .ARM.attributes
                0x00000231       0x33 ./system/src/cmsis/system_stm32f10x.o
 .ARM.attributes
                0x00000264       0x33 ./system/src/cmsis/vectors_stm32f10x.o
 .ARM.attributes
                0x00000297       0x33 ./src/BlinkLed.o
 .ARM.attributes
                0x000002ca       0x33 ./src/Timer.o
 .ARM.attributes
                0x000002fd       0x33 ./src/main.o
 .ARM.attributes
                0x00000330       0x2d /opt/gcc-arm-none-eabi-4_9-2015q3/bin/../lib/gcc/arm-none-eabi/4.9.3/../../../../arm-none-eabi/lib/armv7-m/libg_nano.a(lib_a-errno.o)
 .ARM.attributes
                0x0000035d       0x2d /opt/gcc-arm-none-eabi-4_9-2015q3/bin/../lib/gcc/arm-none-eabi/4.9.3/../../../../arm-none-eabi/lib/armv7-m/libg_nano.a(lib_a-impure.o)
 .ARM.attributes
                0x0000038a       0x2d /opt/gcc-arm-none-eabi-4_9-2015q3/bin/../lib/gcc/arm-none-eabi/4.9.3/../../../../arm-none-eabi/lib/armv7-m/libg_nano.a(lib_a-strlen.o)
 .ARM.attributes
                0x000003b7       0x2d /opt/gcc-arm-none-eabi-4_9-2015q3/bin/../lib/gcc/arm-none-eabi/4.9.3/../../../../arm-none-eabi/lib/armv7-m/libg_nano.a(lib_a-vsnprintf.o)
 .ARM.attributes
                0x000003e4       0x2d /opt/gcc-arm-none-eabi-4_9-2015q3/bin/../lib/gcc/arm-none-eabi/4.9.3/../../../../arm-none-eabi/lib/armv7-m/libg_nano.a(lib_a-nano-svfprintf.o)
 .ARM.attributes
                0x00000411       0x2d /opt/gcc-arm-none-eabi-4_9-2015q3/bin/../lib/gcc/arm-none-eabi/4.9.3/../../../../arm-none-eabi/lib/armv7-m/libg_nano.a(lib_a-nano-vfprintf_i.o)
 .ARM.attributes
                0x0000043e       0x2d /opt/gcc-arm-none-eabi-4_9-2015q3/bin/../lib/gcc/arm-none-eabi/4.9.3/../../../../arm-none-eabi/lib/armv7-m/libg_nano.a(lib_a-memchr.o)
 .ARM.attributes
                0x0000046b       0x2d /opt/gcc-arm-none-eabi-4_9-2015q3/bin/../lib/gcc/arm-none-eabi/4.9.3/../../../../arm-none-eabi/lib/armv7-m/libg_nano.a(lib_a-memcpy.o)
 .ARM.attributes
                0x00000498       0x2d /opt/gcc-arm-none-eabi-4_9-2015q3/bin/../lib/gcc/arm-none-eabi/4.9.3/../../../../arm-none-eabi/lib/armv7-m/libg_nano.a(lib_a-memmove.o)
 .ARM.attributes
                0x000004c5       0x2d /opt/gcc-arm-none-eabi-4_9-2015q3/bin/../lib/gcc/arm-none-eabi/4.9.3/../../../../arm-none-eabi/lib/armv7-m/libg_nano.a(lib_a-nano-freer.o)
 .ARM.attributes
                0x000004f2       0x2d /opt/gcc-arm-none-eabi-4_9-2015q3/bin/../lib/gcc/arm-none-eabi/4.9.3/../../../../arm-none-eabi/lib/armv7-m/libg_nano.a(lib_a-nano-mallocr.o)
 .ARM.attributes
                0x0000051f       0x2d /opt/gcc-arm-none-eabi-4_9-2015q3/bin/../lib/gcc/arm-none-eabi/4.9.3/../../../../arm-none-eabi/lib/armv7-m/libg_nano.a(lib_a-nano-reallocr.o)
 .ARM.attributes
                0x0000054c       0x2d /opt/gcc-arm-none-eabi-4_9-2015q3/bin/../lib/gcc/arm-none-eabi/4.9.3/../../../../arm-none-eabi/lib/armv7-m/libg_nano.a(lib_a-sbrkr.o)
 .ARM.attributes
                0x00000579       0x2d /opt/gcc-arm-none-eabi-4_9-2015q3/bin/../lib/gcc/arm-none-eabi/4.9.3/../../../../arm-none-eabi/lib/armv7-m/libg_nano.a(lib_a-nano-msizer.o)

.debug
 *(.debug)

.line
 *(.line)

.debug_srcinfo
 *(.debug_srcinfo)

.debug_sfnames
 *(.debug_sfnames)

.debug_aranges  0x00000000      0x490
 *(.debug_aranges)
 .debug_aranges
                0x00000000       0xa8 ./system/src/stm32f1-stdperiph/stm32f10x_gpio.o
 .debug_aranges
                0x000000a8      0x118 ./system/src/stm32f1-stdperiph/stm32f10x_rcc.o
 .debug_aranges
                0x000001c0       0x28 ./system/src/newlib/_exit.o
 .debug_aranges
                0x000001e8       0x20 ./system/src/newlib/_sbrk.o
 .debug_aranges
                0x00000208       0x40 ./system/src/newlib/_startup.o
 .debug_aranges
                0x00000248       0x30 ./system/src/newlib/_syscalls.o
 .debug_aranges
                0x00000278       0x28 ./system/src/newlib/assert.o
 .debug_aranges
                0x000002a0       0x38 ./system/src/diag/Trace.o
 .debug_aranges
                0x000002d8       0x30 ./system/src/diag/trace_impl.o
 .debug_aranges
                0x00000308       0x28 ./system/src/cortexm/_initialize_hardware.o
 .debug_aranges
                0x00000330       0x90 ./system/src/cortexm/exception_handlers.o
 .debug_aranges
                0x000003c0       0x38 ./system/src/cmsis/system_stm32f10x.o
 .debug_aranges
                0x000003f8       0x20 ./system/src/cmsis/vectors_stm32f10x.o
 .debug_aranges
                0x00000418       0x20 ./src/BlinkLed.o
 .debug_aranges
                0x00000438       0x38 ./src/Timer.o
 .debug_aranges
                0x00000470       0x20 ./src/main.o

.debug_pubnames
 *(.debug_pubnames)

.debug_info     0x00000000     0x44d9
 *(.debug_info .gnu.linkonce.wi.*)
 .debug_info    0x00000000      0xbd4 ./system/src/stm32f1-stdperiph/stm32f10x_gpio.o
 .debug_info    0x00000bd4      0xc6b ./system/src/stm32f1-stdperiph/stm32f10x_rcc.o
 .debug_info    0x0000183f      0x100 ./system/src/newlib/_exit.o
 .debug_info    0x0000193f      0x125 ./system/src/newlib/_sbrk.o
 .debug_info    0x00001a64      0x475 ./system/src/newlib/_startup.o
 .debug_info    0x00001ed9      0x1bc ./system/src/newlib/_syscalls.o
 .debug_info    0x00002095      0x1b0 ./system/src/newlib/assert.o
 .debug_info    0x00002245      0x32b ./system/src/diag/Trace.o
 .debug_info    0x00002570      0x305 ./system/src/diag/trace_impl.o
 .debug_info    0x00002875      0x294 ./system/src/cortexm/_initialize_hardware.o
 .debug_info    0x00002b09      0x8d8 ./system/src/cortexm/exception_handlers.o
 .debug_info    0x000033e1      0x474 ./system/src/cmsis/system_stm32f10x.o
 .debug_info    0x00003855       0xd1 ./system/src/cmsis/vectors_stm32f10x.o
 .debug_info    0x00003926      0x2b9 ./src/BlinkLed.o
 .debug_info    0x00003bdf      0x61e ./src/Timer.o
 .debug_info    0x000041fd      0x2dc ./src/main.o

.debug_abbrev   0x00000000     0x15e4
 *(.debug_abbrev)
 .debug_abbrev  0x00000000      0x1f9 ./system/src/stm32f1-stdperiph/stm32f10x_gpio.o
 .debug_abbrev  0x000001f9      0x1ff ./system/src/stm32f1-stdperiph/stm32f10x_rcc.o
 .debug_abbrev  0x000003f8       0xa4 ./system/src/newlib/_exit.o
 .debug_abbrev  0x0000049c       0xbb ./system/src/newlib/_sbrk.o
 .debug_abbrev  0x00000557      0x1e9 ./system/src/newlib/_startup.o
 .debug_abbrev  0x00000740       0xee ./system/src/newlib/_syscalls.o
 .debug_abbrev  0x0000082e       0xc9 ./system/src/newlib/assert.o
 .debug_abbrev  0x000008f7      0x178 ./system/src/diag/Trace.o
 .debug_abbrev  0x00000a6f      0x1bd ./system/src/diag/trace_impl.o
 .debug_abbrev  0x00000c2c       0xea ./system/src/cortexm/_initialize_hardware.o
 .debug_abbrev  0x00000d16      0x23e ./system/src/cortexm/exception_handlers.o
 .debug_abbrev  0x00000f54      0x157 ./system/src/cmsis/system_stm32f10x.o
 .debug_abbrev  0x000010ab       0x9d ./system/src/cmsis/vectors_stm32f10x.o
 .debug_abbrev  0x00001148      0x15b ./src/BlinkLed.o
 .debug_abbrev  0x000012a3      0x1b5 ./src/Timer.o
 .debug_abbrev  0x00001458      0x18c ./src/main.o

.debug_line     0x00000000     0x40d3
 *(.debug_line)
 .debug_line    0x00000000      0x8d5 ./system/src/stm32f1-stdperiph/stm32f10x_gpio.o
 .debug_line    0x000008d5      0x81f ./system/src/stm32f1-stdperiph/stm32f10x_rcc.o
 .debug_line    0x000010f4      0x273 ./system/src/newlib/_exit.o
 .debug_line    0x00001367      0x220 ./system/src/newlib/_sbrk.o
 .debug_line    0x00001587      0x2de ./system/src/newlib/_startup.o
 .debug_line    0x00001865      0x337 ./system/src/newlib/_syscalls.o
 .debug_line    0x00001b9c      0x2aa ./system/src/newlib/assert.o
 .debug_line    0x00001e46      0x2d0 ./system/src/diag/Trace.o
 .debug_line    0x00002116      0x555 ./system/src/diag/trace_impl.o
 .debug_line    0x0000266b      0x35c ./system/src/cortexm/_initialize_hardware.o
 .debug_line    0x000029c7      0x60e ./system/src/cortexm/exception_handlers.o
 .debug_line    0x00002fd5      0x3bc ./system/src/cmsis/system_stm32f10x.o
 .debug_line    0x00003391       0xf1 ./system/src/cmsis/vectors_stm32f10x.o
 .debug_line    0x00003482      0x339 ./src/BlinkLed.o
 .debug_line    0x000037bb      0x3b1 ./src/Timer.o
 .debug_line    0x00003b6c      0x567 ./src/main.o

.debug_frame    0x00000000      0xd00
 *(.debug_frame)
 .debug_frame   0x00000000      0x1e8 ./system/src/stm32f1-stdperiph/stm32f10x_gpio.o
 .debug_frame   0x000001e8      0x31c ./system/src/stm32f1-stdperiph/stm32f10x_rcc.o
 .debug_frame   0x00000504       0x38 ./system/src/newlib/_exit.o
 .debug_frame   0x0000053c       0x28 ./system/src/newlib/_sbrk.o
 .debug_frame   0x00000564       0x7c ./system/src/newlib/_startup.o
 .debug_frame   0x000005e0       0x50 ./system/src/newlib/_syscalls.o
 .debug_frame   0x00000630       0x40 ./system/src/newlib/assert.o
 .debug_frame   0x00000670       0x94 ./system/src/diag/Trace.o
 .debug_frame   0x00000704       0x60 ./system/src/diag/trace_impl.o
 .debug_frame   0x00000764       0x40 ./system/src/cortexm/_initialize_hardware.o
 .debug_frame   0x000007a4      0x158 ./system/src/cortexm/exception_handlers.o
 .debug_frame   0x000008fc       0x68 ./system/src/cmsis/system_stm32f10x.o
 .debug_frame   0x00000964       0x20 ./system/src/cmsis/vectors_stm32f10x.o
 .debug_frame   0x00000984       0x30 ./src/BlinkLed.o
 .debug_frame   0x000009b4       0x58 ./src/Timer.o
 .debug_frame   0x00000a0c       0x28 ./src/main.o
 .debug_frame   0x00000a34       0x20 /opt/gcc-arm-none-eabi-4_9-2015q3/bin/../lib/gcc/arm-none-eabi/4.9.3/../../../../arm-none-eabi/lib/armv7-m/libg_nano.a(lib_a-errno.o)
 .debug_frame   0x00000a54       0x20 /opt/gcc-arm-none-eabi-4_9-2015q3/bin/../lib/gcc/arm-none-eabi/4.9.3/../../../../arm-none-eabi/lib/armv7-m/libg_nano.a(lib_a-strlen.o)
 .debug_frame   0x00000a74       0x50 /opt/gcc-arm-none-eabi-4_9-2015q3/bin/../lib/gcc/arm-none-eabi/4.9.3/../../../../arm-none-eabi/lib/armv7-m/libg_nano.a(lib_a-vsnprintf.o)
 .debug_frame   0x00000ac4       0x8c /opt/gcc-arm-none-eabi-4_9-2015q3/bin/../lib/gcc/arm-none-eabi/4.9.3/../../../../arm-none-eabi/lib/armv7-m/libg_nano.a(lib_a-nano-svfprintf.o)
 .debug_frame   0x00000b50       0x58 /opt/gcc-arm-none-eabi-4_9-2015q3/bin/../lib/gcc/arm-none-eabi/4.9.3/../../../../arm-none-eabi/lib/armv7-m/libg_nano.a(lib_a-nano-vfprintf_i.o)
 .debug_frame   0x00000ba8       0x28 /opt/gcc-arm-none-eabi-4_9-2015q3/bin/../lib/gcc/arm-none-eabi/4.9.3/../../../../arm-none-eabi/lib/armv7-m/libg_nano.a(lib_a-memchr.o)
 .debug_frame   0x00000bd0       0x28 /opt/gcc-arm-none-eabi-4_9-2015q3/bin/../lib/gcc/arm-none-eabi/4.9.3/../../../../arm-none-eabi/lib/armv7-m/libg_nano.a(lib_a-memcpy.o)
 .debug_frame   0x00000bf8       0x28 /opt/gcc-arm-none-eabi-4_9-2015q3/bin/../lib/gcc/arm-none-eabi/4.9.3/../../../../arm-none-eabi/lib/armv7-m/libg_nano.a(lib_a-memmove.o)
 .debug_frame   0x00000c20       0x2c /opt/gcc-arm-none-eabi-4_9-2015q3/bin/../lib/gcc/arm-none-eabi/4.9.3/../../../../arm-none-eabi/lib/armv7-m/libg_nano.a(lib_a-nano-freer.o)
 .debug_frame   0x00000c4c       0x2c /opt/gcc-arm-none-eabi-4_9-2015q3/bin/../lib/gcc/arm-none-eabi/4.9.3/../../../../arm-none-eabi/lib/armv7-m/libg_nano.a(lib_a-nano-mallocr.o)
 .debug_frame   0x00000c78       0x3c /opt/gcc-arm-none-eabi-4_9-2015q3/bin/../lib/gcc/arm-none-eabi/4.9.3/../../../../arm-none-eabi/lib/armv7-m/libg_nano.a(lib_a-nano-reallocr.o)
 .debug_frame   0x00000cb4       0x2c /opt/gcc-arm-none-eabi-4_9-2015q3/bin/../lib/gcc/arm-none-eabi/4.9.3/../../../../arm-none-eabi/lib/armv7-m/libg_nano.a(lib_a-sbrkr.o)
 .debug_frame   0x00000ce0       0x20 /opt/gcc-arm-none-eabi-4_9-2015q3/bin/../lib/gcc/arm-none-eabi/4.9.3/../../../../arm-none-eabi/lib/armv7-m/libg_nano.a(lib_a-nano-msizer.o)

.debug_str      0x00000000    0x55878
 *(.debug_str)
 .debug_str     0x00000000    0x4e38d ./system/src/stm32f1-stdperiph/stm32f10x_gpio.o
                              0x4e51a (size before relaxing)
 .debug_str     0x0004e38d      0xb4a ./system/src/stm32f1-stdperiph/stm32f10x_rcc.o
                              0x4eae9 (size before relaxing)
 .debug_str     0x0004eed7     0x398b ./system/src/newlib/_exit.o
                               0x5ff4 (size before relaxing)
 .debug_str     0x00052862      0x4de ./system/src/newlib/_sbrk.o
                               0x5405 (size before relaxing)
 .debug_str     0x00052d40      0x271 ./system/src/newlib/_startup.o
                               0x4fdd (size before relaxing)
 .debug_str     0x00052fb1     0x11be ./system/src/newlib/_syscalls.o
                               0x6605 (size before relaxing)
 .debug_str     0x0005416f       0xdf ./system/src/newlib/assert.o
                               0x6afd (size before relaxing)
 .debug_str     0x0005424e      0x9bc ./system/src/diag/Trace.o
                               0x6915 (size before relaxing)
 .debug_str     0x00054c0a      0x378 ./system/src/diag/trace_impl.o
                              0x50fc7 (size before relaxing)
 .debug_str     0x00054f82       0xb2 ./system/src/cortexm/_initialize_hardware.o
                              0x4e004 (size before relaxing)
 .debug_str     0x00055034      0x1a8 ./system/src/cortexm/exception_handlers.o
                              0x51d65 (size before relaxing)
 .debug_str     0x000551dc       0xa6 ./system/src/cmsis/system_stm32f10x.o
                              0x4e0ae (size before relaxing)
 .debug_str     0x00055282       0x57 ./system/src/cmsis/vectors_stm32f10x.o
                               0x3053 (size before relaxing)
 .debug_str     0x000552d9      0x130 ./src/BlinkLed.o
                              0x4e198 (size before relaxing)
 .debug_str     0x00055409      0x3ea ./src/Timer.o
                              0x4e3c9 (size before relaxing)
 .debug_str     0x000557f3       0x85 ./src/main.o
                              0x523b2 (size before relaxing)

.debug_loc      0x00000000     0x1bf1
 *(.debug_loc)
 .debug_loc     0x00000000      0x773 ./system/src/stm32f1-stdperiph/stm32f10x_gpio.o
 .debug_loc     0x00000773      0x98f ./system/src/stm32f1-stdperiph/stm32f10x_rcc.o
 .debug_loc     0x00001102       0x82 ./system/src/newlib/_sbrk.o
 .debug_loc     0x00001184      0x265 ./system/src/newlib/_startup.o
 .debug_loc     0x000013e9       0x63 ./system/src/newlib/_syscalls.o
 .debug_loc     0x0000144c       0xec ./system/src/newlib/assert.o
 .debug_loc     0x00001538       0xf7 ./system/src/diag/Trace.o
 .debug_loc     0x0000162f      0x17c ./system/src/diag/trace_impl.o
 .debug_loc     0x000017ab      0x2a8 ./system/src/cortexm/exception_handlers.o
 .debug_loc     0x00001a53       0xe4 ./system/src/cmsis/system_stm32f10x.o
 .debug_loc     0x00001b37       0x59 ./src/Timer.o
 .debug_loc     0x00001b90       0x61 ./src/main.o

.debug_macinfo
 *(.debug_macinfo)

.debug_weaknames
 *(.debug_weaknames)

.debug_funcnames
 *(.debug_funcnames)

.debug_typenames
 *(.debug_typenames)

.debug_varnames
 *(.debug_varnames)
OUTPUT(test-create-project.elf elf32-littlearm)

.debug_ranges   0x00000000      0x3d8
 .debug_ranges  0x00000000       0x98 ./system/src/stm32f1-stdperiph/stm32f10x_gpio.o
 .debug_ranges  0x00000098      0x108 ./system/src/stm32f1-stdperiph/stm32f10x_rcc.o
 .debug_ranges  0x000001a0       0x18 ./system/src/newlib/_exit.o
 .debug_ranges  0x000001b8       0x10 ./system/src/newlib/_sbrk.o
 .debug_ranges  0x000001c8       0x48 ./system/src/newlib/_startup.o
 .debug_ranges  0x00000210       0x20 ./system/src/newlib/_syscalls.o
 .debug_ranges  0x00000230       0x18 ./system/src/newlib/assert.o
 .debug_ranges  0x00000248       0x28 ./system/src/diag/Trace.o
 .debug_ranges  0x00000270       0x38 ./system/src/diag/trace_impl.o
 .debug_ranges  0x000002a8       0x18 ./system/src/cortexm/_initialize_hardware.o
 .debug_ranges  0x000002c0       0x98 ./system/src/cortexm/exception_handlers.o
 .debug_ranges  0x00000358       0x28 ./system/src/cmsis/system_stm32f10x.o
 .debug_ranges  0x00000380       0x10 ./system/src/cmsis/vectors_stm32f10x.o
 .debug_ranges  0x00000390       0x10 ./src/BlinkLed.o
 .debug_ranges  0x000003a0       0x28 ./src/Timer.o
 .debug_ranges  0x000003c8       0x10 ./src/main.o

.debug_macro    0x00000000     0x34ed
 .debug_macro   0x00000000      0x1b9 ./system/src/stm32f1-stdperiph/stm32f10x_gpio.o
 .debug_macro   0x000001b9       0x8b ./system/src/stm32f1-stdperiph/stm32f10x_gpio.o
 .debug_macro   0x00000244      0x2a6 ./system/src/stm32f1-stdperiph/stm32f10x_gpio.o
 .debug_macro   0x000004ea      0x287 ./system/src/stm32f1-stdperiph/stm32f10x_rcc.o
 .debug_macro   0x00000771      0x3dc ./system/src/stm32f1-stdperiph/stm32f10x_rcc.o
 .debug_macro   0x00000b4d      0x131 ./system/src/newlib/_exit.o
 .debug_macro   0x00000c7e       0x9c ./system/src/newlib/_exit.o
 .debug_macro   0x00000d1a      0x10e ./system/src/newlib/_exit.o
 .debug_macro   0x00000e28       0x86 ./system/src/newlib/_exit.o
 .debug_macro   0x00000eae       0x43 ./system/src/newlib/_exit.o
 .debug_macro   0x00000ef1      0x27a ./system/src/newlib/_exit.o
 .debug_macro   0x0000116b       0x35 ./system/src/newlib/_exit.o
 .debug_macro   0x000011a0       0xed ./system/src/newlib/_sbrk.o
 .debug_macro   0x0000128d      0x16d ./system/src/newlib/_sbrk.o
 .debug_macro   0x000013fa       0x10 ./system/src/newlib/_sbrk.o
 .debug_macro   0x0000140a      0x23b ./system/src/newlib/_sbrk.o
 .debug_macro   0x00001645       0xf7 ./system/src/newlib/_startup.o
 .debug_macro   0x0000173c      0x1ad ./system/src/newlib/_syscalls.o
 .debug_macro   0x000018e9       0x1c ./system/src/newlib/_syscalls.o
 .debug_macro   0x00001905       0x10 ./system/src/newlib/_syscalls.o
 .debug_macro   0x00001915       0x10 ./system/src/newlib/_syscalls.o
 .debug_macro   0x00001925       0x10 ./system/src/newlib/_syscalls.o
 .debug_macro   0x00001935       0x10 ./system/src/newlib/_syscalls.o
 .debug_macro   0x00001945       0x35 ./system/src/newlib/_syscalls.o
 .debug_macro   0x0000197a      0x122 ./system/src/newlib/_syscalls.o
 .debug_macro   0x00001a9c       0x2e ./system/src/newlib/_syscalls.o
 .debug_macro   0x00001aca       0x82 ./system/src/newlib/_syscalls.o
 .debug_macro   0x00001b4c       0x2b ./system/src/newlib/_syscalls.o
 .debug_macro   0x00001b77      0x118 ./system/src/newlib/_syscalls.o
 .debug_macro   0x00001c8f      0x159 ./system/src/newlib/_syscalls.o
 .debug_macro   0x00001de8       0x16 ./system/src/newlib/_syscalls.o
 .debug_macro   0x00001dfe      0x14d ./system/src/newlib/assert.o
 .debug_macro   0x00001f4b       0x1c ./system/src/newlib/assert.o
 .debug_macro   0x00001f67      0x15e ./system/src/diag/Trace.o
 .debug_macro   0x000020c5       0x16 ./system/src/diag/Trace.o
 .debug_macro   0x000020db       0x97 ./system/src/diag/Trace.o
 .debug_macro   0x00002172       0xf6 ./system/src/diag/Trace.o
 .debug_macro   0x00002268       0x10 ./system/src/diag/Trace.o
 .debug_macro   0x00002278       0x16 ./system/src/diag/Trace.o
 .debug_macro   0x0000228e      0x197 ./system/src/diag/Trace.o
 .debug_macro   0x00002425       0x52 ./system/src/diag/Trace.o
 .debug_macro   0x00002477       0x16 ./system/src/diag/Trace.o
 .debug_macro   0x0000248d      0x25e ./system/src/diag/trace_impl.o
 .debug_macro   0x000026eb       0x10 ./system/src/diag/trace_impl.o
 .debug_macro   0x000026fb       0xc8 ./system/src/diag/trace_impl.o
 .debug_macro   0x000027c3       0x19 ./system/src/diag/trace_impl.o
 .debug_macro   0x000027dc       0xbe ./system/src/diag/trace_impl.o
 .debug_macro   0x0000289a       0x22 ./system/src/diag/trace_impl.o
 .debug_macro   0x000028bc      0x16b ./system/src/cortexm/_initialize_hardware.o
 .debug_macro   0x00002a27      0x294 ./system/src/cortexm/exception_handlers.o
 .debug_macro   0x00002cbb       0x3b ./system/src/cortexm/exception_handlers.o
 .debug_macro   0x00002cf6       0x10 ./system/src/cortexm/exception_handlers.o
 .debug_macro   0x00002d06      0x16e ./system/src/cmsis/system_stm32f10x.o
 .debug_macro   0x00002e74       0x34 ./system/src/cmsis/vectors_stm32f10x.o
 .debug_macro   0x00002ea8      0x170 ./src/BlinkLed.o
 .debug_macro   0x00003018       0x28 ./src/BlinkLed.o
 .debug_macro   0x00003040      0x184 ./src/Timer.o
 .debug_macro   0x000031c4       0x10 ./src/Timer.o
 .debug_macro   0x000031d4      0x2eb ./src/main.o
 .debug_macro   0x000034bf       0x2e ./src/main.o
