Archive member included because of file (symbol)

/opt/gcc-arm-none-eabi-4_9-2015q3/bin/../lib/gcc/arm-none-eabi/4.9.3/../../../../arm-none-eabi/lib/armv7-m/libg_nano.a(lib_a-errno.o)
                              ./system/src/newlib/_sbrk.o (__errno)
/opt/gcc-arm-none-eabi-4_9-2015q3/bin/../lib/gcc/arm-none-eabi/4.9.3/../../../../arm-none-eabi/lib/armv7-m/libg_nano.a(lib_a-impure.o)
                              /opt/gcc-arm-none-eabi-4_9-2015q3/bin/../lib/gcc/arm-none-eabi/4.9.3/../../../../arm-none-eabi/lib/armv7-m/libg_nano.a(lib_a-errno.o) (_impure_ptr)
/opt/gcc-arm-none-eabi-4_9-2015q3/bin/../lib/gcc/arm-none-eabi/4.9.3/../../../../arm-none-eabi/lib/armv7-m/libg_nano.a(lib_a-init.o)
                              ./system/src/cmsis/startup_stm32f103xb.o (__libc_init_array)
/opt/gcc-arm-none-eabi-4_9-2015q3/bin/../lib/gcc/arm-none-eabi/4.9.3/../../../../arm-none-eabi/lib/armv7-m/libg_nano.a(lib_a-strlen.o)
                              ./system/src/diag/Trace.o (strlen)
/opt/gcc-arm-none-eabi-4_9-2015q3/bin/../lib/gcc/arm-none-eabi/4.9.3/../../../../arm-none-eabi/lib/armv7-m/libg_nano.a(lib_a-vsnprintf.o)
                              ./system/src/diag/Trace.o (vsnprintf)
/opt/gcc-arm-none-eabi-4_9-2015q3/bin/../lib/gcc/arm-none-eabi/4.9.3/../../../../arm-none-eabi/lib/armv7-m/libg_nano.a(lib_a-nano-svfprintf.o)
                              /opt/gcc-arm-none-eabi-4_9-2015q3/bin/../lib/gcc/arm-none-eabi/4.9.3/../../../../arm-none-eabi/lib/armv7-m/libg_nano.a(lib_a-vsnprintf.o) (_svfprintf_r)
/opt/gcc-arm-none-eabi-4_9-2015q3/bin/../lib/gcc/arm-none-eabi/4.9.3/../../../../arm-none-eabi/lib/armv7-m/libg_nano.a(lib_a-nano-vfprintf_i.o)
                              /opt/gcc-arm-none-eabi-4_9-2015q3/bin/../lib/gcc/arm-none-eabi/4.9.3/../../../../arm-none-eabi/lib/armv7-m/libg_nano.a(lib_a-nano-svfprintf.o) (_printf_i)
/opt/gcc-arm-none-eabi-4_9-2015q3/bin/../lib/gcc/arm-none-eabi/4.9.3/../../../../arm-none-eabi/lib/armv7-m/libg_nano.a(lib_a-memchr.o)
                              /opt/gcc-arm-none-eabi-4_9-2015q3/bin/../lib/gcc/arm-none-eabi/4.9.3/../../../../arm-none-eabi/lib/armv7-m/libg_nano.a(lib_a-nano-svfprintf.o) (memchr)
/opt/gcc-arm-none-eabi-4_9-2015q3/bin/../lib/gcc/arm-none-eabi/4.9.3/../../../../arm-none-eabi/lib/armv7-m/libg_nano.a(lib_a-memcpy.o)
                              /opt/gcc-arm-none-eabi-4_9-2015q3/bin/../lib/gcc/arm-none-eabi/4.9.3/../../../../arm-none-eabi/lib/armv7-m/libg_nano.a(lib_a-nano-svfprintf.o) (memcpy)
/opt/gcc-arm-none-eabi-4_9-2015q3/bin/../lib/gcc/arm-none-eabi/4.9.3/../../../../arm-none-eabi/lib/armv7-m/libg_nano.a(lib_a-memmove.o)
                              /opt/gcc-arm-none-eabi-4_9-2015q3/bin/../lib/gcc/arm-none-eabi/4.9.3/../../../../arm-none-eabi/lib/armv7-m/libg_nano.a(lib_a-nano-svfprintf.o) (memmove)
/opt/gcc-arm-none-eabi-4_9-2015q3/bin/../lib/gcc/arm-none-eabi/4.9.3/../../../../arm-none-eabi/lib/armv7-m/libg_nano.a(lib_a-nano-freer.o)
                              /opt/gcc-arm-none-eabi-4_9-2015q3/bin/../lib/gcc/arm-none-eabi/4.9.3/../../../../arm-none-eabi/lib/armv7-m/libg_nano.a(lib_a-nano-svfprintf.o) (_free_r)
/opt/gcc-arm-none-eabi-4_9-2015q3/bin/../lib/gcc/arm-none-eabi/4.9.3/../../../../arm-none-eabi/lib/armv7-m/libg_nano.a(lib_a-nano-mallocr.o)
                              /opt/gcc-arm-none-eabi-4_9-2015q3/bin/../lib/gcc/arm-none-eabi/4.9.3/../../../../arm-none-eabi/lib/armv7-m/libg_nano.a(lib_a-nano-svfprintf.o) (_malloc_r)
/opt/gcc-arm-none-eabi-4_9-2015q3/bin/../lib/gcc/arm-none-eabi/4.9.3/../../../../arm-none-eabi/lib/armv7-m/libg_nano.a(lib_a-nano-reallocr.o)
                              /opt/gcc-arm-none-eabi-4_9-2015q3/bin/../lib/gcc/arm-none-eabi/4.9.3/../../../../arm-none-eabi/lib/armv7-m/libg_nano.a(lib_a-nano-svfprintf.o) (_realloc_r)
/opt/gcc-arm-none-eabi-4_9-2015q3/bin/../lib/gcc/arm-none-eabi/4.9.3/../../../../arm-none-eabi/lib/armv7-m/libg_nano.a(lib_a-sbrkr.o)
                              /opt/gcc-arm-none-eabi-4_9-2015q3/bin/../lib/gcc/arm-none-eabi/4.9.3/../../../../arm-none-eabi/lib/armv7-m/libg_nano.a(lib_a-nano-mallocr.o) (_sbrk_r)
/opt/gcc-arm-none-eabi-4_9-2015q3/bin/../lib/gcc/arm-none-eabi/4.9.3/../../../../arm-none-eabi/lib/armv7-m/libg_nano.a(lib_a-nano-msizer.o)
                              /opt/gcc-arm-none-eabi-4_9-2015q3/bin/../lib/gcc/arm-none-eabi/4.9.3/../../../../arm-none-eabi/lib/armv7-m/libg_nano.a(lib_a-nano-reallocr.o) (_malloc_usable_size_r)

Allocating common symbols
Common symbol       size              file

hUsbDeviceFS        0x224             ./src/usb_device.o
errno               0x4               ./system/src/newlib/_syscalls.o
uwTick              0x4               ./system/src/stm32f1xx/stm32f1xx_hal.o
pFlash              0x20              ./system/src/stm32f1xx/stm32f1xx_hal_flash.o
UserRxBufferFS      0x3e8             ./src/usbd_cdc_if.o
UserTxBufferFS      0x3e8             ./src/usbd_cdc_if.o
htim1               0x40              ./src/main.o
[...]
Memory Configuration

Name             Origin             Length             Attributes
RAM              0x20000000         0x00005000         xrw
CCMRAM           0x00000000         0x00000000         xrw
FLASH            0x08000000         0x00010000         xr
FLASHB1          0x00000000         0x00000000         xr
EXTMEMB0         0x00000000         0x00000000         xr
EXTMEMB1         0x00000000         0x00000000         xr
EXTMEMB2         0x00000000         0x00000000         xr
EXTMEMB3         0x00000000         0x00000000         xr
MEMORY_ARRAY     0x00000000         0x00000000         xrw
*default*        0x00000000         0xffffffff

Linker script and memory map

LOAD ./system/src/stm32f1xx/stm32f1xx_hal.o
LOAD ./system/src/stm32f1xx/stm32f1xx_hal_cortex.o
LOAD ./system/src/stm32f1xx/stm32f1xx_hal_dma.o
LOAD ./system/src/stm32f1xx/stm32f1xx_hal_flash.o
LOAD ./system/src/stm32f1xx/stm32f1xx_hal_flash_ex.o
LOAD ./system/src/stm32f1xx/stm32f1xx_hal_gpio.o
LOAD ./system/src/stm32f1xx/stm32f1xx_hal_gpio_ex.o
LOAD ./system/src/stm32f1xx/stm32f1xx_hal_pcd.o
LOAD ./system/src/stm32f1xx/stm32f1xx_hal_pcd_ex.o
LOAD ./system/src/stm32f1xx/stm32f1xx_hal_pwr.o
LOAD ./system/src/stm32f1xx/stm32f1xx_hal_rcc.o
LOAD ./system/src/stm32f1xx/stm32f1xx_hal_rcc_ex.o
LOAD ./system/src/stm32f1xx/stm32f1xx_hal_tim.o
LOAD ./system/src/stm32f1xx/stm32f1xx_hal_tim_ex.o
LOAD ./system/src/stm32f1xx/stm32f1xx_ll_usb.o
LOAD ./system/src/newlib/_cxx.o
LOAD ./system/src/newlib/_exit.o
LOAD ./system/src/newlib/_sbrk.o
LOAD ./system/src/newlib/_startup.o
LOAD ./system/src/newlib/_syscalls.o
LOAD ./system/src/newlib/assert.o
LOAD ./system/src/diag/Trace.o
LOAD ./system/src/diag/trace_impl.o
LOAD ./system/src/cortexm/_initialize_hardware.o
LOAD ./system/src/cortexm/_reset_hardware.o
LOAD ./system/src/cortexm/exception_handlers.o
LOAD ./system/src/cmsis/startup_stm32f103xb.o
LOAD ./system/src/cmsis/system_stm32f1xx.o
LOAD ./src/main.o
LOAD ./src/stm32f1xx_hal_msp.o
LOAD ./src/stm32f1xx_it.o
LOAD ./src/usb_device.o
LOAD ./src/usbd_cdc_if.o
LOAD ./src/usbd_conf.o
LOAD ./src/usbd_desc.o
LOAD ./Middlewares/ST/STM32_USB_Device_Library/Core/Src/usbd_core.o
LOAD ./Middlewares/ST/STM32_USB_Device_Library/Core/Src/usbd_ctlreq.o
LOAD ./Middlewares/ST/STM32_USB_Device_Library/Core/Src/usbd_ioreq.o
LOAD ./Middlewares/ST/STM32_USB_Device_Library/Class/CDC/Src/usbd_cdc.o
LOAD /opt/gcc-arm-none-eabi-4_9-2015q3/bin/../lib/gcc/arm-none-eabi/4.9.3/../../../../arm-none-eabi/lib/armv7-m/libstdc++_nano.a
LOAD /opt/gcc-arm-none-eabi-4_9-2015q3/bin/../lib/gcc/arm-none-eabi/4.9.3/../../../../arm-none-eabi/lib/armv7-m/libm.a
START GROUP
LOAD /opt/gcc-arm-none-eabi-4_9-2015q3/bin/../lib/gcc/arm-none-eabi/4.9.3/armv7-m/libgcc.a
LOAD /opt/gcc-arm-none-eabi-4_9-2015q3/bin/../lib/gcc/arm-none-eabi/4.9.3/../../../../arm-none-eabi/lib/armv7-m/libg_nano.a
LOAD /opt/gcc-arm-none-eabi-4_9-2015q3/bin/../lib/gcc/arm-none-eabi/4.9.3/../../../../arm-none-eabi/lib/armv7-m/libc_nano.a
END GROUP
START GROUP
LOAD /opt/gcc-arm-none-eabi-4_9-2015q3/bin/../lib/gcc/arm-none-eabi/4.9.3/armv7-m/libgcc.a
LOAD /opt/gcc-arm-none-eabi-4_9-2015q3/bin/../lib/gcc/arm-none-eabi/4.9.3/../../../../arm-none-eabi/lib/armv7-m/libc_nano.a
END GROUP
                0x20005000                __stack = (ORIGIN (RAM) + 0x5000)
                0x20005000                _estack = __stack
                0x00000400                __Main_Stack_Size = 0x400
                0x00000400                PROVIDE (_Main_Stack_Size, __Main_Stack_Size)
                0x20004c00                __Main_Stack_Limit = (__stack - __Main_Stack_Size)
                0x20004c00                PROVIDE (_Main_Stack_Limit, __Main_Stack_Limit)
                0x00000100                _Minimum_Stack_Size = 0x100
                0x20001538                PROVIDE (_Heap_Begin, _end_noinit)
                0x20004c00                PROVIDE (_Heap_Limit, (__stack - __Main_Stack_Size))

.isr_vector     0x08000000      0x350
 FILL mask 0xff
                0x08000000                __vectors_start = ABSOLUTE (.)
                0x08000000                __vectors_start__ = ABSOLUTE (.)
 *(.isr_vector)
 .isr_vector    0x08000000      0x10c ./system/src/cmsis/startup_stm32f103xb.o
                0x08000000                g_pfnVectors
 *(.cfmconfig)
 *(.after_vectors .after_vectors.*)
 .after_vectors
                0x0800010c      0x114 ./system/src/newlib/_startup.o
                0x0800010c                _start
 .after_vectors
                0x08000220      0x130 ./system/src/cortexm/exception_handlers.o
                0x08000220                Reset_Handler
                0x08000240                HardFault_Handler_C
                0x080002b8                BusFault_Handler_C
                0x08000300                UsageFault_Handler_C

.inits          0x08000350       0x28
                0x08000350                __data_regions_array_start = .
                0x08000350        0x4 LONG 0x8004740 LOADADDR (.data)
                0x08000354        0x4 LONG 0x20000000 ADDR (.data)
                0x08000358        0x4 LONG 0x200001e0 (ADDR (.data) + SIZEOF (.data))
                0x0800035c        0x4 LONG 0x8004740 LOADADDR (.data_CCMRAM)
                0x08000360        0x4 LONG 0x0 ADDR (.data_CCMRAM)
                0x08000364        0x4 LONG 0x0 (ADDR (.data_CCMRAM) + SIZEOF (.data_CCMRAM))
                0x08000368                __data_regions_array_end = .
                0x08000368                __bss_regions_array_start = .
                0x08000368        0x4 LONG 0x200001e0 ADDR (.bss)
                0x0800036c        0x4 LONG 0x20001538 (ADDR (.bss) + SIZEOF (.bss))
                0x08000370        0x4 LONG 0x0 ADDR (.bss_CCMRAM)
                0x08000374        0x4 LONG 0x0 (ADDR (.bss_CCMRAM) + SIZEOF (.bss_CCMRAM))
                0x08000378                __bss_regions_array_end = .
 *(.init)
 *(.fini)
                0x08000378                . = ALIGN (0x4)
                0x08000378                PROVIDE (__preinit_array_start, .)
 *(.preinit_array_sysinit .preinit_array_sysinit.*)
 *(.preinit_array_platform .preinit_array_platform.*)
 *(.preinit_array .preinit_array.*)
                0x08000378                PROVIDE (__preinit_array_end, .)
                0x08000378                . = ALIGN (0x4)
                0x08000378                PROVIDE (__init_array_start, .)
 *(SORT(.init_array.*))
 *(.init_array)
                0x08000378                PROVIDE (__init_array_end, .)
                0x08000378                . = ALIGN (0x4)
                0x08000378                PROVIDE (__fini_array_start, .)
 *(SORT(.fini_array.*))
 *(.fini_array)
                0x08000378                PROVIDE (__fini_array_end, .)

.flashtext
 *(.flashtext .flashtext.*)

.text           0x08000378     0x43c5
 *(.text .text.*)
 .text.HAL_InitTick
                0x08000378       0x4c ./system/src/stm32f1xx/stm32f1xx_hal.o
                0x08000378                HAL_InitTick
 .text.HAL_Init
                0x080003c4       0x24 ./system/src/stm32f1xx/stm32f1xx_hal.o
                0x080003c4                HAL_Init
 .text.HAL_IncTick
                0x080003e8       0x18 ./system/src/stm32f1xx/stm32f1xx_hal.o
                0x080003e8                HAL_IncTick
 .text.HAL_GetTick
                0x08000400        0xc ./system/src/stm32f1xx/stm32f1xx_hal.o
                0x08000400                HAL_GetTick
 .text.HAL_Delay
                0x0800040c       0x28 ./system/src/stm32f1xx/stm32f1xx_hal.o
                0x0800040c                HAL_Delay
 .text.HAL_NVIC_SetPriorityGrouping
                0x08000434       0x3c ./system/src/stm32f1xx/stm32f1xx_hal_cortex.o
                0x08000434                HAL_NVIC_SetPriorityGrouping
 .text.HAL_NVIC_SetPriority
                0x08000470       0x84 ./system/src/stm32f1xx/stm32f1xx_hal_cortex.o
                0x08000470                HAL_NVIC_SetPriority
 .text.HAL_NVIC_EnableIRQ
                0x080004f4       0x28 ./system/src/stm32f1xx/stm32f1xx_hal_cortex.o
                0x080004f4                HAL_NVIC_EnableIRQ
 .text.HAL_SYSTICK_Config
                0x0800051c       0x2c ./system/src/stm32f1xx/stm32f1xx_hal_cortex.o
                0x0800051c                HAL_SYSTICK_Config
 .text.HAL_SYSTICK_CLKSourceConfig
                0x08000548       0x38 ./system/src/stm32f1xx/stm32f1xx_hal_cortex.o
                0x08000548                HAL_SYSTICK_CLKSourceConfig
 .text.HAL_SYSTICK_Callback
                0x08000580        0x4 ./system/src/stm32f1xx/stm32f1xx_hal_cortex.o
                0x08000580                HAL_SYSTICK_Callback
 .text.HAL_SYSTICK_IRQHandler
                0x08000584        0x8 ./system/src/stm32f1xx/stm32f1xx_hal_cortex.o
                0x08000584                HAL_SYSTICK_IRQHandler
 .text.HAL_PCD_Init
                0x0800058c       0xf8 ./system/src/stm32f1xx/stm32f1xx_hal_pcd.o
                0x0800058c                HAL_PCD_Init
 .text.HAL_PCD_Start
                0x08000684       0x30 ./system/src/stm32f1xx/stm32f1xx_hal_pcd.o
                0x08000684                HAL_PCD_Start
 .text.HAL_PCD_SetAddress
                0x080006b4       0x28 ./system/src/stm32f1xx/stm32f1xx_hal_pcd.o
                0x080006b4                HAL_PCD_SetAddress
 .text.HAL_PCD_EP_Open
                0x080006dc       0x54 ./system/src/stm32f1xx/stm32f1xx_hal_pcd.o
                0x080006dc                HAL_PCD_EP_Open
 .text.HAL_PCD_EP_Close
                0x08000730       0x50 ./system/src/stm32f1xx/stm32f1xx_hal_pcd.o
                0x08000730                HAL_PCD_EP_Close
 .text.HAL_PCD_EP_Receive
                0x08000780       0x40 ./system/src/stm32f1xx/stm32f1xx_hal_pcd.o
                0x08000780                HAL_PCD_EP_Receive
 .text.HAL_PCD_EP_GetRxCount
                0x080007c0       0x10 ./system/src/stm32f1xx/stm32f1xx_hal_pcd.o
                0x080007c0                HAL_PCD_EP_GetRxCount
 .text.HAL_PCD_EP_Transmit
                0x080007d0       0x3c ./system/src/stm32f1xx/stm32f1xx_hal_pcd.o
                0x080007d0                HAL_PCD_EP_Transmit
 .text.PCD_EP_ISR_Handler
                0x0800080c      0x440 ./system/src/stm32f1xx/stm32f1xx_hal_pcd.o
 .text.HAL_PCD_IRQHandler
                0x08000c4c      0x15c ./system/src/stm32f1xx/stm32f1xx_hal_pcd.o
                0x08000c4c                HAL_PCD_IRQHandler
 .text.HAL_PCD_EP_SetStall
                0x08000da8       0x5c ./system/src/stm32f1xx/stm32f1xx_hal_pcd.o
                0x08000da8                HAL_PCD_EP_SetStall
 .text.HAL_PCD_EP_ClrStall
                0x08000e04       0x50 ./system/src/stm32f1xx/stm32f1xx_hal_pcd.o
                0x08000e04                HAL_PCD_EP_ClrStall
 .text.HAL_PCDEx_PMAConfig
                0x08000e54       0x38 ./system/src/stm32f1xx/stm32f1xx_hal_pcd_ex.o
                0x08000e54                HAL_PCDEx_PMAConfig
 .text.RCC_Delay
                0x08000e8c       0x2c ./system/src/stm32f1xx/stm32f1xx_hal_rcc.o
 .text.HAL_RCC_OscConfig
                0x08000eb8      0x528 ./system/src/stm32f1xx/stm32f1xx_hal_rcc.o
                0x08000eb8                HAL_RCC_OscConfig
 .text.HAL_RCC_GetSysClockFreq
                0x080013e0       0x70 ./system/src/stm32f1xx/stm32f1xx_hal_rcc.o
                0x080013e0                HAL_RCC_GetSysClockFreq
 .text.HAL_RCC_ClockConfig
                0x08001450      0x244 ./system/src/stm32f1xx/stm32f1xx_hal_rcc.o
                0x08001450                HAL_RCC_ClockConfig
 .text.HAL_RCC_GetHCLKFreq
                0x08001694        0xc ./system/src/stm32f1xx/stm32f1xx_hal_rcc.o
                0x08001694                HAL_RCC_GetHCLKFreq
 .text.HAL_RCCEx_PeriphCLKConfig
                0x080016a0      0x178 ./system/src/stm32f1xx/stm32f1xx_hal_rcc_ex.o
                0x080016a0                HAL_RCCEx_PeriphCLKConfig
 .text.TIM_TI1_ConfigInputStage
                0x08001818       0x28 ./system/src/stm32f1xx/stm32f1xx_hal_tim.o
 .text.TIM_TI2_ConfigInputStage
                0x08001840       0x28 ./system/src/stm32f1xx/stm32f1xx_hal_tim.o
 .text.TIM_ETR_SetConfig
                0x08001868       0x18 ./system/src/stm32f1xx/stm32f1xx_hal_tim.o
 .text.TIM_SlaveTimer_SetConfig
                0x08001880      0x2a4 ./system/src/stm32f1xx/stm32f1xx_hal_tim.o
 .text.HAL_TIM_SlaveConfigSynchronization
                0x08001b24       0xc0 ./system/src/stm32f1xx/stm32f1xx_hal_tim.o
                0x08001b24                HAL_TIM_SlaveConfigSynchronization
 .text.TIM_Base_SetConfig
                0x08001be4       0x70 ./system/src/stm32f1xx/stm32f1xx_hal_tim.o
                0x08001be4                TIM_Base_SetConfig
 .text.HAL_TIM_Base_Init
                0x08001c54       0xb0 ./system/src/stm32f1xx/stm32f1xx_hal_tim.o
                0x08001c54                HAL_TIM_Base_Init
 .text.HAL_TIMEx_MasterConfigSynchronization
                0x08001d04       0xc0 ./system/src/stm32f1xx/stm32f1xx_hal_tim_ex.o
                0x08001d04                HAL_TIMEx_MasterConfigSynchronization
 .text.USB_CoreInit
                0x08001dc4       0x10 ./system/src/stm32f1xx/stm32f1xx_ll_usb.o
                0x08001dc4                USB_CoreInit
 .text.USB_EnableGlobalInt
                0x08001dd4       0x14 ./system/src/stm32f1xx/stm32f1xx_ll_usb.o
                0x08001dd4                USB_EnableGlobalInt
 .text.USB_DisableGlobalInt
                0x08001de8       0x14 ./system/src/stm32f1xx/stm32f1xx_ll_usb.o
                0x08001de8                USB_DisableGlobalInt
 .text.USB_SetCurrentMode
                0x08001dfc        0x4 ./system/src/stm32f1xx/stm32f1xx_ll_usb.o
                0x08001dfc                USB_SetCurrentMode
 .text.USB_DevInit
                0x08001e00       0x2c ./system/src/stm32f1xx/stm32f1xx_ll_usb.o
                0x08001e00                USB_DevInit
 .text.USB_ActivateEndpoint
                0x08001e2c      0x33c ./system/src/stm32f1xx/stm32f1xx_ll_usb.o
                0x08001e2c                USB_ActivateEndpoint
 .text.USB_DeactivateEndpoint
                0x08002168      0x1d4 ./system/src/stm32f1xx/stm32f1xx_ll_usb.o
                0x08002168                USB_DeactivateEndpoint
 .text.USB_EPSetStall
                0x0800233c       0x70 ./system/src/stm32f1xx/stm32f1xx_ll_usb.o
                0x0800233c                USB_EPSetStall
 .text.USB_EPClearStall
                0x080023ac       0x98 ./system/src/stm32f1xx/stm32f1xx_ll_usb.o
                0x080023ac                USB_EPClearStall
 .text.USB_SetDevAddress
                0x08002444        0xc ./system/src/stm32f1xx/stm32f1xx_ll_usb.o
                0x08002444                USB_SetDevAddress
 .text.USB_DevConnect
                0x08002450        0x4 ./system/src/stm32f1xx/stm32f1xx_ll_usb.o
                0x08002450                USB_DevConnect
 .text.USB_DevDisconnect
                0x08002454        0x4 ./system/src/stm32f1xx/stm32f1xx_ll_usb.o
                0x08002454                USB_DevDisconnect
 .text.USB_ReadInterrupts
                0x08002458        0x8 ./system/src/stm32f1xx/stm32f1xx_ll_usb.o
                0x08002458                USB_ReadInterrupts
 .text.USB_EP0_OutStart
                0x08002460        0x4 ./system/src/stm32f1xx/stm32f1xx_ll_usb.o
                0x08002460                USB_EP0_OutStart
 .text.USB_WritePMA
                0x08002464       0x2c ./system/src/stm32f1xx/stm32f1xx_ll_usb.o
                0x08002464                USB_WritePMA
 .text.USB_EPStartXfer
                0x08002490      0x2e0 ./system/src/stm32f1xx/stm32f1xx_ll_usb.o
                0x08002490                USB_EPStartXfer
 .text.USB_ReadPMA
                0x08002770       0x20 ./system/src/stm32f1xx/stm32f1xx_ll_usb.o
                0x08002770                USB_ReadPMA
 .text._exit    0x08002790        0x4 ./system/src/newlib/_exit.o
                0x08002790                _exit
 .text._sbrk    0x08002794       0x44 ./system/src/newlib/_sbrk.o
                0x08002794                _sbrk
 .text.__initialize_args
                0x080027d8       0x10 ./system/src/newlib/_syscalls.o
                0x080027d8                __initialize_args
 .text.trace_printf
                0x080027e8       0x34 ./system/src/diag/Trace.o
                0x080027e8                trace_printf
 .text._trace_write_semihosting_debug
                0x0800281c       0x64 ./system/src/diag/trace_impl.o
 .text.trace_write
                0x08002880        0x8 ./system/src/diag/trace_impl.o
                0x08002880                trace_write
 .text.__initialize_hardware_early
                0x08002888       0x18 ./system/src/cortexm/_initialize_hardware.o
                0x08002888                __initialize_hardware_early
 .text.__initialize_hardware
                0x080028a0        0x8 ./system/src/cortexm/_initialize_hardware.o
                0x080028a0                __initialize_hardware
 .text.dumpExceptionStack
                0x080028a8       0xf0 ./system/src/cortexm/exception_handlers.o
                0x080028a8                dumpExceptionStack
 .text.isSemihosting
                0x08002998       0x20 ./system/src/cortexm/exception_handlers.o
                0x08002998                isSemihosting
 .text.Default_Handler
                0x080029b8        0x2 ./system/src/cmsis/startup_stm32f103xb.o
                0x080029b8                RTC_Alarm_IRQHandler
                0x080029b8                EXTI2_IRQHandler
                0x080029b8                TIM1_CC_IRQHandler
                0x080029b8                PVD_IRQHandler
                0x080029b8                EXTI3_IRQHandler
                0x080029b8                EXTI0_IRQHandler
                0x080029b8                I2C2_EV_IRQHandler
                0x080029b8                ADC1_2_IRQHandler
                0x080029b8                SPI1_IRQHandler
                0x080029b8                TAMPER_IRQHandler
                0x080029b8                DMA1_Channel4_IRQHandler
                0x080029b8                USART3_IRQHandler
                0x080029b8                RTC_IRQHandler
                0x080029b8                DMA1_Channel7_IRQHandler
                0x080029b8                CAN1_RX1_IRQHandler
                0x080029b8                TIM4_IRQHandler
                0x080029b8                I2C1_EV_IRQHandler
                0x080029b8                DMA1_Channel6_IRQHandler
                0x080029b8                TIM3_IRQHandler
                0x080029b8                RCC_IRQHandler
                0x080029b8                TIM1_TRG_COM_IRQHandler
                0x080029b8                DMA1_Channel1_IRQHandler
                0x080029b8                Default_Handler
                0x080029b8                EXTI15_10_IRQHandler
                0x080029b8                EXTI9_5_IRQHandler
                0x080029b8                SPI2_IRQHandler
                0x080029b8                DMA1_Channel5_IRQHandler
                0x080029b8                EXTI4_IRQHandler
                0x080029b8                USB_HP_CAN1_TX_IRQHandler
                0x080029b8                DMA1_Channel3_IRQHandler
                0x080029b8                TIM1_UP_IRQHandler
                0x080029b8                WWDG_IRQHandler
                0x080029b8                TIM2_IRQHandler
                0x080029b8                TIM1_BRK_IRQHandler
                0x080029b8                EXTI1_IRQHandler
                0x080029b8                USART2_IRQHandler
                0x080029b8                I2C2_ER_IRQHandler
                0x080029b8                DMA1_Channel2_IRQHandler
                0x080029b8                CAN1_SCE_IRQHandler
                0x080029b8                FLASH_IRQHandler
                0x080029b8                USART1_IRQHandler
                0x080029b8                I2C1_ER_IRQHandler
                0x080029b8                USBWakeUp_IRQHandler
 *fill*         0x080029ba        0x2 
 .text.SystemInit
                0x080029bc       0x4c ./system/src/cmsis/system_stm32f1xx.o
                0x080029bc                SystemInit
 .text.SystemCoreClockUpdate
                0x08002a08       0x94 ./system/src/cmsis/system_stm32f1xx.o
                0x08002a08                SystemCoreClockUpdate
 .text.MX_GPIO_Init
                0x08002a9c       0x30 ./src/main.o
 .text._Error_Handler
                0x08002acc        0x4 ./src/main.o
                0x08002acc                _Error_Handler
 .text.MX_TIM1_Init
                0x08002ad0       0x6c ./src/main.o
 .text.SystemClock_Config
                0x08002b3c       0x9c ./src/main.o
                0x08002b3c                SystemClock_Config
 .text.main     0x08002bd8       0x34 ./src/main.o
                0x08002bd8                main
 .text.assert_failed
                0x08002c0c        0x4 ./src/main.o
                0x08002c0c                assert_failed
 .text.HAL_MspInit
                0x08002c10       0x90 ./src/stm32f1xx_hal_msp.o
                0x08002c10                HAL_MspInit
 .text.HAL_TIM_Base_MspInit
                0x08002ca0       0x28 ./src/stm32f1xx_hal_msp.o
                0x08002ca0                HAL_TIM_Base_MspInit
 .text.NMI_Handler
                0x08002cc8        0x4 ./src/stm32f1xx_it.o
                0x08002cc8                NMI_Handler
 .text.HardFault_Handler
                0x08002ccc        0x4 ./src/stm32f1xx_it.o
                0x08002ccc                HardFault_Handler
 .text.MemManage_Handler
                0x08002cd0        0x4 ./src/stm32f1xx_it.o
                0x08002cd0                MemManage_Handler
 .text.BusFault_Handler
                0x08002cd4        0x4 ./src/stm32f1xx_it.o
                0x08002cd4                BusFault_Handler
 .text.UsageFault_Handler
                0x08002cd8        0x4 ./src/stm32f1xx_it.o
                0x08002cd8                UsageFault_Handler
 .text.SVC_Handler
                0x08002cdc        0x4 ./src/stm32f1xx_it.o
                0x08002cdc                SVC_Handler
 .text.DebugMon_Handler
                0x08002ce0        0x4 ./src/stm32f1xx_it.o
                0x08002ce0                DebugMon_Handler
 .text.PendSV_Handler
                0x08002ce4        0x4 ./src/stm32f1xx_it.o
                0x08002ce4                PendSV_Handler
 .text.SysTick_Handler
                0x08002ce8        0xc ./src/stm32f1xx_it.o
                0x08002ce8                SysTick_Handler
 .text.USB_LP_CAN1_RX0_IRQHandler
                0x08002cf4       0x10 ./src/stm32f1xx_it.o
                0x08002cf4                USB_LP_CAN1_RX0_IRQHandler
 .text.MX_USB_DEVICE_Init
                0x08002d04       0x38 ./src/usb_device.o
                0x08002d04                MX_USB_DEVICE_Init
 .text.CDC_DeInit_FS
                0x08002d3c        0x4 ./src/usbd_cdc_if.o
 .text.CDC_Control_FS
                0x08002d40        0x4 ./src/usbd_cdc_if.o
 .text.CDC_Receive_FS
                0x08002d44       0x1c ./src/usbd_cdc_if.o
 .text.CDC_Init_FS
                0x08002d60       0x28 ./src/usbd_cdc_if.o
 .text.CDC_Transmit_FS
                0x08002d88       0x2c ./src/usbd_cdc_if.o
                0x08002d88                CDC_Transmit_FS
 .text.HAL_PCD_MspInit
                0x08002db4       0x40 ./src/usbd_conf.o
                0x08002db4                HAL_PCD_MspInit
 .text.HAL_PCD_SetupStageCallback
                0x08002df4       0x14 ./src/usbd_conf.o
                0x08002df4                HAL_PCD_SetupStageCallback
 .text.HAL_PCD_DataOutStageCallback
                0x08002e08       0x14 ./src/usbd_conf.o
                0x08002e08                HAL_PCD_DataOutStageCallback
 .text.HAL_PCD_DataInStageCallback
                0x08002e1c       0x14 ./src/usbd_conf.o
                0x08002e1c                HAL_PCD_DataInStageCallback
 .text.HAL_PCD_SOFCallback
                0x08002e30        0xc ./src/usbd_conf.o
                0x08002e30                HAL_PCD_SOFCallback
 .text.HAL_PCD_ResetCallback
                0x08002e3c       0x18 ./src/usbd_conf.o
                0x08002e3c                HAL_PCD_ResetCallback
 .text.HAL_PCD_SuspendCallback
                0x08002e54       0x20 ./src/usbd_conf.o
                0x08002e54                HAL_PCD_SuspendCallback
 .text.HAL_PCD_ResumeCallback
                0x08002e74        0xc ./src/usbd_conf.o
                0x08002e74                HAL_PCD_ResumeCallback
 .text.USBD_LL_Init
                0x08002e80       0x90 ./src/usbd_conf.o
                0x08002e80                USBD_LL_Init
 .text.USBD_LL_Start
                0x08002f10       0x20 ./src/usbd_conf.o
                0x08002f10                USBD_LL_Start
 .text.USBD_LL_OpenEP
                0x08002f30       0x24 ./src/usbd_conf.o
                0x08002f30                USBD_LL_OpenEP
 .text.USBD_LL_CloseEP
                0x08002f54       0x20 ./src/usbd_conf.o
                0x08002f54                USBD_LL_CloseEP
 .text.USBD_LL_StallEP
                0x08002f74       0x20 ./src/usbd_conf.o
                0x08002f74                USBD_LL_StallEP
 .text.USBD_LL_ClearStallEP
                0x08002f94       0x20 ./src/usbd_conf.o
                0x08002f94                USBD_LL_ClearStallEP
 .text.USBD_LL_IsStallEP
                0x08002fb4       0x28 ./src/usbd_conf.o
                0x08002fb4                USBD_LL_IsStallEP
 .text.USBD_LL_SetUSBAddress
                0x08002fdc       0x20 ./src/usbd_conf.o
                0x08002fdc                USBD_LL_SetUSBAddress
 .text.USBD_LL_Transmit
                0x08002ffc       0x20 ./src/usbd_conf.o
                0x08002ffc                USBD_LL_Transmit
 .text.USBD_LL_PrepareReceive
                0x0800301c       0x20 ./src/usbd_conf.o
                0x0800301c                USBD_LL_PrepareReceive
 .text.USBD_LL_GetRxDataSize
                0x0800303c        0xc ./src/usbd_conf.o
                0x0800303c                USBD_LL_GetRxDataSize
 .text.USBD_static_malloc
                0x08003048        0x8 ./src/usbd_conf.o
                0x08003048                USBD_static_malloc
 .text.USBD_static_free
                0x08003050        0x4 ./src/usbd_conf.o
                0x08003050                USBD_static_free
 .text.HAL_PCDEx_SetConnectionState
                0x08003054        0x4 ./src/usbd_conf.o
                0x08003054                HAL_PCDEx_SetConnectionState
 .text.USBD_FS_DeviceDescriptor
                0x08003058        0xc ./src/usbd_desc.o
                0x08003058                USBD_FS_DeviceDescriptor
 .text.USBD_FS_LangIDStrDescriptor
                0x08003064        0xc ./src/usbd_desc.o
                0x08003064                USBD_FS_LangIDStrDescriptor
 .text.USBD_FS_ProductStrDescriptor
                0x08003070       0x24 ./src/usbd_desc.o
                0x08003070                USBD_FS_ProductStrDescriptor
 .text.USBD_FS_ManufacturerStrDescriptor
                0x08003094       0x1c ./src/usbd_desc.o
                0x08003094                USBD_FS_ManufacturerStrDescriptor
 .text.USBD_FS_SerialStrDescriptor
                0x080030b0       0x24 ./src/usbd_desc.o
                0x080030b0                USBD_FS_SerialStrDescriptor
 .text.USBD_FS_ConfigStrDescriptor
                0x080030d4       0x24 ./src/usbd_desc.o
                0x080030d4                USBD_FS_ConfigStrDescriptor
 .text.USBD_FS_InterfaceStrDescriptor
                0x080030f8       0x24 ./src/usbd_desc.o
                0x080030f8                USBD_FS_InterfaceStrDescriptor
 .text.USBD_Init
                0x0800311c       0x30 ./Middlewares/ST/STM32_USB_Device_Library/Core/Src/usbd_core.o
                0x0800311c                USBD_Init
 .text.USBD_RegisterClass
                0x0800314c       0x10 ./Middlewares/ST/STM32_USB_Device_Library/Core/Src/usbd_core.o
                0x0800314c                USBD_RegisterClass
 .text.USBD_Start
                0x0800315c        0xc ./Middlewares/ST/STM32_USB_Device_Library/Core/Src/usbd_core.o
                0x0800315c                USBD_Start
 .text.USBD_SetClassConfig
                0x08003168       0x1c ./Middlewares/ST/STM32_USB_Device_Library/Core/Src/usbd_core.o
                0x08003168                USBD_SetClassConfig
 .text.USBD_ClrClassConfig
                0x08003184       0x10 ./Middlewares/ST/STM32_USB_Device_Library/Core/Src/usbd_core.o
                0x08003184                USBD_ClrClassConfig
 .text.USBD_LL_SetupStage
                0x08003194       0x5c ./Middlewares/ST/STM32_USB_Device_Library/Core/Src/usbd_core.o
                0x08003194                USBD_LL_SetupStage
 .text.USBD_LL_DataOutStage
                0x080031f0       0x60 ./Middlewares/ST/STM32_USB_Device_Library/Core/Src/usbd_core.o
                0x080031f0                USBD_LL_DataOutStage
 .text.USBD_LL_DataInStage
                0x08003250       0xa4 ./Middlewares/ST/STM32_USB_Device_Library/Core/Src/usbd_core.o
                0x08003250                USBD_LL_DataInStage
 .text.USBD_LL_Reset
                0x080032f4       0x40 ./Middlewares/ST/STM32_USB_Device_Library/Core/Src/usbd_core.o
                0x080032f4                USBD_LL_Reset
 .text.USBD_LL_SetSpeed
                0x08003334        0x8 ./Middlewares/ST/STM32_USB_Device_Library/Core/Src/usbd_core.o
                0x08003334                USBD_LL_SetSpeed
 .text.USBD_LL_Suspend
                0x0800333c       0x14 ./Middlewares/ST/STM32_USB_Device_Library/Core/Src/usbd_core.o
                0x0800333c                USBD_LL_Suspend
 .text.USBD_LL_Resume
                0x08003350        0xc ./Middlewares/ST/STM32_USB_Device_Library/Core/Src/usbd_core.o
                0x08003350                USBD_LL_Resume
 .text.USBD_LL_SOF
                0x0800335c       0x18 ./Middlewares/ST/STM32_USB_Device_Library/Core/Src/usbd_core.o
                0x0800335c                USBD_LL_SOF
 .text.USBD_GetLen
                0x08003374       0x14 ./Middlewares/ST/STM32_USB_Device_Library/Core/Src/usbd_ctlreq.o
 .text.USBD_SetFeature
                0x08003388       0x20 ./Middlewares/ST/STM32_USB_Device_Library/Core/Src/usbd_ctlreq.o
 .text.USBD_ParseSetupRequest
                0x080033a8       0x28 ./Middlewares/ST/STM32_USB_Device_Library/Core/Src/usbd_ctlreq.o
                0x080033a8                USBD_ParseSetupRequest
 .text.USBD_CtlError
                0x080033d0       0x14 ./Middlewares/ST/STM32_USB_Device_Library/Core/Src/usbd_ctlreq.o
                0x080033d0                USBD_CtlError
 .text.USBD_GetDescriptor
                0x080033e4      0x144 ./Middlewares/ST/STM32_USB_Device_Library/Core/Src/usbd_ctlreq.o
 .text.USBD_SetAddress
                0x08003528       0x4c ./Middlewares/ST/STM32_USB_Device_Library/Core/Src/usbd_ctlreq.o
 .text.USBD_SetConfig
                0x08003574       0xa8 ./Middlewares/ST/STM32_USB_Device_Library/Core/Src/usbd_ctlreq.o
 .text.USBD_GetConfig
                0x0800361c       0x40 ./Middlewares/ST/STM32_USB_Device_Library/Core/Src/usbd_ctlreq.o
 .text.USBD_GetStatus
                0x0800365c       0x30 ./Middlewares/ST/STM32_USB_Device_Library/Core/Src/usbd_ctlreq.o
 .text.USBD_ClrFeature
                0x0800368c       0x30 ./Middlewares/ST/STM32_USB_Device_Library/Core/Src/usbd_ctlreq.o
 .text.USBD_StdDevReq
                0x080036bc       0x48 ./Middlewares/ST/STM32_USB_Device_Library/Core/Src/usbd_ctlreq.o
                0x080036bc                USBD_StdDevReq
 .text.USBD_StdItfReq
                0x08003704       0x38 ./Middlewares/ST/STM32_USB_Device_Library/Core/Src/usbd_ctlreq.o
                0x08003704                USBD_StdItfReq
 .text.USBD_StdEPReq
                0x0800373c      0x11c ./Middlewares/ST/STM32_USB_Device_Library/Core/Src/usbd_ctlreq.o
                0x0800373c                USBD_StdEPReq
 .text.USBD_GetString
                0x08003858       0x3c ./Middlewares/ST/STM32_USB_Device_Library/Core/Src/usbd_ctlreq.o
                0x08003858                USBD_GetString
 .text.USBD_CtlSendData
                0x08003894       0x1c ./Middlewares/ST/STM32_USB_Device_Library/Core/Src/usbd_ioreq.o
                0x08003894                USBD_CtlSendData
 .text.USBD_CtlContinueSendData
                0x080038b0       0x14 ./Middlewares/ST/STM32_USB_Device_Library/Core/Src/usbd_ioreq.o
                0x080038b0                USBD_CtlContinueSendData
 .text.USBD_CtlPrepareRx
                0x080038c4       0x20 ./Middlewares/ST/STM32_USB_Device_Library/Core/Src/usbd_ioreq.o
                0x080038c4                USBD_CtlPrepareRx
 .text.USBD_CtlContinueRx
                0x080038e4       0x14 ./Middlewares/ST/STM32_USB_Device_Library/Core/Src/usbd_ioreq.o
                0x080038e4                USBD_CtlContinueRx
 .text.USBD_CtlSendStatus
                0x080038f8       0x18 ./Middlewares/ST/STM32_USB_Device_Library/Core/Src/usbd_ioreq.o
                0x080038f8                USBD_CtlSendStatus
 .text.USBD_CtlReceiveStatus
                0x08003910       0x18 ./Middlewares/ST/STM32_USB_Device_Library/Core/Src/usbd_ioreq.o
                0x08003910                USBD_CtlReceiveStatus
 .text.USBD_CDC_DataIn
                0x08003928       0x14 ./Middlewares/ST/STM32_USB_Device_Library/Class/CDC/Src/usbd_cdc.o
 .text.USBD_CDC_EP0_RxReady
                0x0800393c       0x28 ./Middlewares/ST/STM32_USB_Device_Library/Class/CDC/Src/usbd_cdc.o
 .text.USBD_CDC_GetFSCfgDesc
                0x08003964        0xc ./Middlewares/ST/STM32_USB_Device_Library/Class/CDC/Src/usbd_cdc.o
 .text.USBD_CDC_GetHSCfgDesc
                0x08003970        0xc ./Middlewares/ST/STM32_USB_Device_Library/Class/CDC/Src/usbd_cdc.o
 .text.USBD_CDC_GetOtherSpeedCfgDesc
                0x0800397c        0xc ./Middlewares/ST/STM32_USB_Device_Library/Class/CDC/Src/usbd_cdc.o
 .text.USBD_CDC_GetDeviceQualifierDescriptor
                0x08003988        0xc ./Middlewares/ST/STM32_USB_Device_Library/Class/CDC/Src/usbd_cdc.o
                0x08003988                USBD_CDC_GetDeviceQualifierDescriptor
 .text.USBD_CDC_DataOut
                0x08003994       0x30 ./Middlewares/ST/STM32_USB_Device_Library/Class/CDC/Src/usbd_cdc.o
 .text.USBD_CDC_Setup
                0x080039c4       0x74 ./Middlewares/ST/STM32_USB_Device_Library/Class/CDC/Src/usbd_cdc.o
 .text.USBD_CDC_DeInit
                0x08003a38       0x3c ./Middlewares/ST/STM32_USB_Device_Library/Class/CDC/Src/usbd_cdc.o
 .text.USBD_CDC_Init
                0x08003a74       0x98 ./Middlewares/ST/STM32_USB_Device_Library/Class/CDC/Src/usbd_cdc.o
 .text.USBD_CDC_RegisterInterface
                0x08003b0c       0x10 ./Middlewares/ST/STM32_USB_Device_Library/Class/CDC/Src/usbd_cdc.o
                0x08003b0c                USBD_CDC_RegisterInterface
 .text.USBD_CDC_SetTxBuffer
                0x08003b1c       0x10 ./Middlewares/ST/STM32_USB_Device_Library/Class/CDC/Src/usbd_cdc.o
                0x08003b1c                USBD_CDC_SetTxBuffer
 .text.USBD_CDC_SetRxBuffer
                0x08003b2c        0xc ./Middlewares/ST/STM32_USB_Device_Library/Class/CDC/Src/usbd_cdc.o
                0x08003b2c                USBD_CDC_SetRxBuffer
 .text.USBD_CDC_TransmitPacket
                0x08003b38       0x30 ./Middlewares/ST/STM32_USB_Device_Library/Class/CDC/Src/usbd_cdc.o
                0x08003b38                USBD_CDC_TransmitPacket
 .text.USBD_CDC_ReceivePacket
                0x08003b68       0x34 ./Middlewares/ST/STM32_USB_Device_Library/Class/CDC/Src/usbd_cdc.o
                0x08003b68                USBD_CDC_ReceivePacket
 .text.__errno  0x08003b9c        0xc /opt/gcc-arm-none-eabi-4_9-2015q3/bin/../lib/gcc/arm-none-eabi/4.9.3/../../../../arm-none-eabi/lib/armv7-m/libg_nano.a(lib_a-errno.o)
                0x08003b9c                __errno
 .text.strlen   0x08003ba8       0x10 /opt/gcc-arm-none-eabi-4_9-2015q3/bin/../lib/gcc/arm-none-eabi/4.9.3/../../../../arm-none-eabi/lib/armv7-m/libg_nano.a(lib_a-strlen.o)
                0x08003ba8                strlen
 .text._vsnprintf_r
                0x08003bb8       0x52 /opt/gcc-arm-none-eabi-4_9-2015q3/bin/../lib/gcc/arm-none-eabi/4.9.3/../../../../arm-none-eabi/lib/armv7-m/libg_nano.a(lib_a-vsnprintf.o)
                0x08003bb8                _vsnprintf_r
                0x08003bb8                _vsniprintf_r
 *fill*         0x08003c0a        0x2 
 .text.vsnprintf
                0x08003c0c       0x20 /opt/gcc-arm-none-eabi-4_9-2015q3/bin/../lib/gcc/arm-none-eabi/4.9.3/../../../../arm-none-eabi/lib/armv7-m/libg_nano.a(lib_a-vsnprintf.o)
                0x08003c0c                vsnprintf
                0x08003c0c                vsniprintf
 .text.__ssputs_r
                0x08003c2c       0xb2 /opt/gcc-arm-none-eabi-4_9-2015q3/bin/../lib/gcc/arm-none-eabi/4.9.3/../../../../arm-none-eabi/lib/armv7-m/libg_nano.a(lib_a-nano-svfprintf.o)
                0x08003c2c                __ssputs_r
 *fill*         0x08003cde        0x2 
 .text._svfprintf_r
                0x08003ce0      0x1e4 /opt/gcc-arm-none-eabi-4_9-2015q3/bin/../lib/gcc/arm-none-eabi/4.9.3/../../../../arm-none-eabi/lib/armv7-m/libg_nano.a(lib_a-nano-svfprintf.o)
                0x08003ce0                _svfprintf_r
                0x08003ce0                _svfiprintf_r
 .text._printf_common
                0x08003ec4       0xea /opt/gcc-arm-none-eabi-4_9-2015q3/bin/../lib/gcc/arm-none-eabi/4.9.3/../../../../arm-none-eabi/lib/armv7-m/libg_nano.a(lib_a-nano-vfprintf_i.o)
                0x08003ec4                _printf_common
 *fill*         0x08003fae        0x2 
 .text._printf_i
                0x08003fb0      0x240 /opt/gcc-arm-none-eabi-4_9-2015q3/bin/../lib/gcc/arm-none-eabi/4.9.3/../../../../arm-none-eabi/lib/armv7-m/libg_nano.a(lib_a-nano-vfprintf_i.o)
                0x08003fb0                _printf_i
 .text.memchr   0x080041f0       0x1c /opt/gcc-arm-none-eabi-4_9-2015q3/bin/../lib/gcc/arm-none-eabi/4.9.3/../../../../arm-none-eabi/lib/armv7-m/libg_nano.a(lib_a-memchr.o)
                0x080041f0                memchr
 .text.memcpy   0x0800420c       0x16 /opt/gcc-arm-none-eabi-4_9-2015q3/bin/../lib/gcc/arm-none-eabi/4.9.3/../../../../arm-none-eabi/lib/armv7-m/libg_nano.a(lib_a-memcpy.o)
                0x0800420c                memcpy
 .text.memmove  0x08004222       0x36 /opt/gcc-arm-none-eabi-4_9-2015q3/bin/../lib/gcc/arm-none-eabi/4.9.3/../../../../arm-none-eabi/lib/armv7-m/libg_nano.a(lib_a-memmove.o)
                0x08004222                memmove
 .text._free_r  0x08004258       0x88 /opt/gcc-arm-none-eabi-4_9-2015q3/bin/../lib/gcc/arm-none-eabi/4.9.3/../../../../arm-none-eabi/lib/armv7-m/libg_nano.a(lib_a-nano-freer.o)
                0x08004258                _free_r
 .text._malloc_r
                0x080042e0       0xac /opt/gcc-arm-none-eabi-4_9-2015q3/bin/../lib/gcc/arm-none-eabi/4.9.3/../../../../arm-none-eabi/lib/armv7-m/libg_nano.a(lib_a-nano-mallocr.o)
                0x080042e0                _malloc_r
 .text._realloc_r
                0x0800438c       0x4c /opt/gcc-arm-none-eabi-4_9-2015q3/bin/../lib/gcc/arm-none-eabi/4.9.3/../../../../arm-none-eabi/lib/armv7-m/libg_nano.a(lib_a-nano-reallocr.o)
                0x0800438c                _realloc_r
 .text._sbrk_r  0x080043d8       0x20 /opt/gcc-arm-none-eabi-4_9-2015q3/bin/../lib/gcc/arm-none-eabi/4.9.3/../../../../arm-none-eabi/lib/armv7-m/libg_nano.a(lib_a-sbrkr.o)
                0x080043d8                _sbrk_r
 .text._malloc_usable_size_r
                0x080043f8       0x14 /opt/gcc-arm-none-eabi-4_9-2015q3/bin/../lib/gcc/arm-none-eabi/4.9.3/../../../../arm-none-eabi/lib/armv7-m/libg_nano.a(lib_a-nano-msizer.o)
                0x080043f8                _malloc_usable_size_r
 *(.rodata .rodata.* .constdata .constdata.*)
 .rodata.str1.4
                0x0800440c       0x2f ./system/src/stm32f1xx/stm32f1xx_hal_cortex.o
 *fill*         0x0800443b        0x1 
 .rodata.str1.4
                0x0800443c       0x2c ./system/src/stm32f1xx/stm32f1xx_hal_pcd.o
 .rodata        0x08004468       0x12 ./system/src/stm32f1xx/stm32f1xx_hal_rcc.o
 *fill*         0x0800447a        0x2 
 .rodata.str1.4
                0x0800447c       0x2c ./system/src/stm32f1xx/stm32f1xx_hal_rcc.o
 .rodata.str1.4
                0x080044a8       0x2f ./system/src/stm32f1xx/stm32f1xx_hal_rcc_ex.o
 *fill*         0x080044d7        0x1 
 .rodata.str1.4
                0x080044d8       0x2c ./system/src/stm32f1xx/stm32f1xx_hal_tim.o
 .rodata.str1.4
                0x08004504       0x2f ./system/src/stm32f1xx/stm32f1xx_hal_tim_ex.o
 *fill*         0x08004533        0x1 
 .rodata.str1.4
                0x08004534      0x146 ./system/src/cortexm/exception_handlers.o
 *fill*         0x0800467a        0x2 
 .rodata.AHBPrescTable
                0x0800467c       0x10 ./system/src/cmsis/system_stm32f1xx.o
                0x0800467c                AHBPrescTable
 .rodata.str1.4
                0x0800468c        0xe ./src/main.o
 *fill*         0x0800469a        0x2 
 .rodata.str1.4
                0x0800469c       0x13 ./src/usbd_conf.o
 *fill*         0x080046af        0x1 
 .rodata.str1.4
                0x080046b0       0x58 ./src/usbd_desc.o
                                 0x56 (size before relaxing)
 .rodata.str1.1
                0x08004708        0x2 /opt/gcc-arm-none-eabi-4_9-2015q3/bin/../lib/gcc/arm-none-eabi/4.9.3/../../../../arm-none-eabi/lib/armv7-m/libg_nano.a(lib_a-impure.o)
 .rodata.str1.1
                0x0800470a       0x11 /opt/gcc-arm-none-eabi-4_9-2015q3/bin/../lib/gcc/arm-none-eabi/4.9.3/../../../../arm-none-eabi/lib/armv7-m/libg_nano.a(lib_a-nano-svfprintf.o)
 .rodata.str1.1
                0x0800471b       0x22 /opt/gcc-arm-none-eabi-4_9-2015q3/bin/../lib/gcc/arm-none-eabi/4.9.3/../../../../arm-none-eabi/lib/armv7-m/libg_nano.a(lib_a-nano-vfprintf_i.o)
 *(vtable)
 *(.eh_frame*)
 *(.glue_7)
 .glue_7        0x00000000        0x0 linker stubs
 *(.glue_7t)
 .glue_7t       0x00000000        0x0 linker stubs

.vfp11_veneer   0x08004740        0x0
 .vfp11_veneer  0x00000000        0x0 linker stubs

.v4_bx          0x08004740        0x0
 .v4_bx         0x00000000        0x0 linker stubs

.iplt           0x08004740        0x0
 .iplt          0x00000000        0x0 ./system/src/stm32f1xx/stm32f1xx_hal.o

.rel.dyn        0x08004740        0x0
 .rel.iplt      0x00000000        0x0 ./system/src/stm32f1xx/stm32f1xx_hal.o

.ARM.extab
 *(.ARM.extab* .gnu.linkonce.armextab.*)
                0x08004740                . = ALIGN (0x4)
                0x08004740                __exidx_start = .

.ARM.exidx
 *(.ARM.exidx* .gnu.linkonce.armexidx.*)
                0x08004740                __exidx_end = .
                0x08004740                . = ALIGN (0x4)
                0x08004740                _etext = .
                0x08004740                __etext = .

.data_CCMRAM    0x00000000        0x0 load address 0x08004740
 FILL mask 0xff
 *(.data.CCMRAM .data.CCMRAM.*)
                0x00000000                . = ALIGN (0x4)
                0x08004740                _sidata = LOADADDR (.data)

.data           0x20000000      0x1e0 load address 0x08004740
 FILL mask 0xff
                0x20000000                _sdata = .
                0x20000000                __data_start__ = .
 *(.data_begin .data_begin.*)
 .data_begin    0x20000000        0x4 ./system/src/newlib/_startup.o
 *(.data .data.*)
 .data.uwTickPrio
                0x20000004        0x4 ./system/src/stm32f1xx/stm32f1xx_hal.o
                0x20000004                uwTickPrio
 .data.uwTickFreq
                0x20000008        0x1 ./system/src/stm32f1xx/stm32f1xx_hal.o
                0x20000008                uwTickFreq
 *fill*         0x20000009        0x3 
 .data.argv.4161
                0x2000000c        0x8 ./system/src/newlib/_syscalls.o
 .data.SystemCoreClock
                0x20000014        0x4 ./system/src/cmsis/system_stm32f1xx.o
                0x20000014                SystemCoreClock
 .data.myString
                0x20000018        0xc ./src/main.o
                0x20000018                myString
 .data.USBD_Interface_fops_FS
                0x20000024       0x10 ./src/usbd_cdc_if.o
                0x20000024                USBD_Interface_fops_FS
 .data.FS_Desc  0x20000034       0x1c ./src/usbd_desc.o
                0x20000034                FS_Desc
 .data.USBD_LangIDDesc
                0x20000050        0x4 ./src/usbd_desc.o
                0x20000050                USBD_LangIDDesc
 .data.USBD_FS_DeviceDesc
                0x20000054       0x12 ./src/usbd_desc.o
                0x20000054                USBD_FS_DeviceDesc
 *fill*         0x20000066        0x2 
 .data.USBD_CDC_CfgFSDesc
                0x20000068       0x43 ./Middlewares/ST/STM32_USB_Device_Library/Class/CDC/Src/usbd_cdc.o
                0x20000068                USBD_CDC_CfgFSDesc
 *fill*         0x200000ab        0x1 
 .data.USBD_CDC
                0x200000ac       0x38 ./Middlewares/ST/STM32_USB_Device_Library/Class/CDC/Src/usbd_cdc.o
                0x200000ac                USBD_CDC
 .data.USBD_CDC_DeviceQualifierDesc
                0x200000e4        0xa ./Middlewares/ST/STM32_USB_Device_Library/Class/CDC/Src/usbd_cdc.o
 *fill*         0x200000ee        0x2 
 .data.USBD_CDC_OtherSpeedCfgDesc
                0x200000f0       0x43 ./Middlewares/ST/STM32_USB_Device_Library/Class/CDC/Src/usbd_cdc.o
                0x200000f0                USBD_CDC_OtherSpeedCfgDesc
 *fill*         0x20000133        0x1 
 .data.USBD_CDC_CfgHSDesc
                0x20000134       0x43 ./Middlewares/ST/STM32_USB_Device_Library/Class/CDC/Src/usbd_cdc.o
                0x20000134                USBD_CDC_CfgHSDesc
 *fill*         0x20000177        0x1 
 .data.impure_data
                0x20000178       0x60 /opt/gcc-arm-none-eabi-4_9-2015q3/bin/../lib/gcc/arm-none-eabi/4.9.3/../../../../arm-none-eabi/lib/armv7-m/libg_nano.a(lib_a-impure.o)
 .data._impure_ptr
                0x200001d8        0x4 /opt/gcc-arm-none-eabi-4_9-2015q3/bin/../lib/gcc/arm-none-eabi/4.9.3/../../../../arm-none-eabi/lib/armv7-m/libg_nano.a(lib_a-impure.o)
                0x200001d8                _impure_ptr
 *(.data_end .data_end.*)
 .data_end      0x200001dc        0x4 ./system/src/newlib/_startup.o
                0x200001e0                . = ALIGN (0x4)
                0x200001e0                _edata = .
                0x200001e0                __data_end__ = .

.igot.plt       0x200001e0        0x0 load address 0x08004920
 .igot.plt      0x00000000        0x0 ./system/src/stm32f1xx/stm32f1xx_hal.o

.bss_CCMRAM     0x00000000        0x0
 *(.bss.CCMRAM .bss.CCMRAM.*)

.bss            0x200001e0     0x1358
                0x200001e0                __bss_start__ = .
                0x200001e0                _sbss = .
 *(.bss_begin .bss_begin.*)
 .bss_begin     0x200001e0        0x4 ./system/src/newlib/_startup.o
 *(.bss .bss.*)
 .bss.current_heap_end.3862
                0x200001e4        0x4 ./system/src/newlib/_sbrk.o
 .bss.name.4160
                0x200001e8        0x1 ./system/src/newlib/_syscalls.o
 *fill*         0x200001e9        0x3 
 .bss.buf.4998  0x200001ec       0x80 ./system/src/diag/Trace.o
 .bss.mem.7599  0x2000026c      0x220 ./src/usbd_conf.o
 .bss.cfgidx.7445
                0x2000048c        0x1 ./Middlewares/ST/STM32_USB_Device_Library/Core/Src/usbd_ctlreq.o
 .bss.ifalt.7440
                0x2000048d        0x1 ./Middlewares/ST/STM32_USB_Device_Library/Class/CDC/Src/usbd_cdc.o
 *fill*         0x2000048e        0x2 
 .bss.__malloc_sbrk_start
                0x20000490        0x4 /opt/gcc-arm-none-eabi-4_9-2015q3/bin/../lib/gcc/arm-none-eabi/4.9.3/../../../../arm-none-eabi/lib/armv7-m/libg_nano.a(lib_a-nano-mallocr.o)
                0x20000490                __malloc_sbrk_start
 .bss.__malloc_free_list
                0x20000494        0x4 /opt/gcc-arm-none-eabi-4_9-2015q3/bin/../lib/gcc/arm-none-eabi/4.9.3/../../../../arm-none-eabi/lib/armv7-m/libg_nano.a(lib_a-nano-mallocr.o)
                0x20000494                __malloc_free_list
 *(COMMON)
 COMMON         0x20000498        0x4 ./system/src/stm32f1xx/stm32f1xx_hal.o
                0x20000498                uwTick
 COMMON         0x2000049c        0x4 ./system/src/newlib/_syscalls.o
                0x2000049c                errno
 COMMON         0x200004a0       0x40 ./src/main.o
                0x200004a0                htim1
 COMMON         0x200004e0      0x224 ./src/usb_device.o
                0x200004e0                hUsbDeviceFS
 COMMON         0x20000704      0x7d0 ./src/usbd_cdc_if.o
                0x20000704                UserRxBufferFS
                0x20000aec                UserTxBufferFS
 COMMON         0x20000ed4      0x460 ./src/usbd_conf.o
                0x20000ed4                hpcd_USB_FS
 COMMON         0x20001334      0x200 ./src/usbd_desc.o
                0x20001334                USBD_StrDesc
 *(.bss_end .bss_end.*)
 .bss_end       0x20001534        0x4 ./system/src/newlib/_startup.o
                0x20001538                . = ALIGN (0x4)
                0x20001538                __bss_end__ = .
                0x20001538                _ebss = .

.noinit_CCMRAM
 *(.noinit.CCMRAM .noinit.CCMRAM.*)

.noinit         0x20001538        0x0
                0x20001538                _noinit = .
 *(.noinit .noinit.*)
                0x20001538                . = ALIGN (0x4)
                0x20001538                _end_noinit = .
                0x20001538                PROVIDE (end, _end_noinit)
                0x20001538                PROVIDE (_end, _end_noinit)
                0x20001538                PROVIDE (__end, _end_noinit)
                0x20001538                PROVIDE (__end__, _end_noinit)

._check_stack   0x20001538      0x100
                0x20001638                . = (. + _Minimum_Stack_Size)
 *fill*         0x20001538      0x100 

.b1text
 *(.b1text)
 *(.b1rodata)
 *(.b1rodata.*)

.eb0text
 *(.eb0text)
 *(.eb0rodata)
 *(.eb0rodata.*)

.eb1text
 *(.eb1text)
 *(.eb1rodata)
 *(.eb1rodata.*)

.eb2text
 *(.eb2text)
 *(.eb2rodata)
 *(.eb2rodata.*)

.eb3text
 *(.eb3text)
 *(.eb3rodata)
 *(.eb3rodata.*)

.stab
 *(.stab)

.stabstr
 *(.stabstr)

.stab.excl
 *(.stab.excl)

.stab.exclstr
 *(.stab.exclstr)

.stab.index
 *(.stab.index)

.stab.indexstr
 *(.stab.indexstr)

.comment        0x00000000       0x70
 *(.comment)
 .comment       0x00000000       0x70 ./system/src/stm32f1xx/stm32f1xx_hal.o
                                 0x71 (size before relaxing)
 .comment       0x00000000       0x71 ./system/src/stm32f1xx/stm32f1xx_hal_cortex.o
 .comment       0x00000000       0x71 ./system/src/stm32f1xx/stm32f1xx_hal_pcd.o
 .comment       0x00000000       0x71 ./system/src/stm32f1xx/stm32f1xx_hal_pcd_ex.o
 .comment       0x00000000       0x71 ./system/src/stm32f1xx/stm32f1xx_hal_rcc.o
 .comment       0x00000000       0x71 ./system/src/stm32f1xx/stm32f1xx_hal_rcc_ex.o
 .comment       0x00000000       0x71 ./system/src/stm32f1xx/stm32f1xx_hal_tim.o
 .comment       0x00000000       0x71 ./system/src/stm32f1xx/stm32f1xx_hal_tim_ex.o
 .comment       0x00000000       0x71 ./system/src/stm32f1xx/stm32f1xx_ll_usb.o
 .comment       0x00000000       0x71 ./system/src/newlib/_exit.o
 .comment       0x00000000       0x71 ./system/src/newlib/_sbrk.o
 .comment       0x00000000       0x71 ./system/src/newlib/_startup.o
 .comment       0x00000000       0x71 ./system/src/newlib/_syscalls.o
 .comment       0x00000000       0x71 ./system/src/diag/Trace.o
 .comment       0x00000000       0x71 ./system/src/diag/trace_impl.o
 .comment       0x00000000       0x71 ./system/src/cortexm/_initialize_hardware.o
 .comment       0x00000000       0x71 ./system/src/cortexm/exception_handlers.o
 .comment       0x00000000       0x71 ./system/src/cmsis/system_stm32f1xx.o
 .comment       0x00000000       0x71 ./src/main.o
 .comment       0x00000000       0x71 ./src/stm32f1xx_hal_msp.o
 .comment       0x00000000       0x71 ./src/stm32f1xx_it.o
 .comment       0x00000000       0x71 ./src/usb_device.o
 .comment       0x00000000       0x71 ./src/usbd_cdc_if.o
 .comment       0x00000000       0x71 ./src/usbd_conf.o
 .comment       0x00000000       0x71 ./src/usbd_desc.o
 .comment       0x00000000       0x71 ./Middlewares/ST/STM32_USB_Device_Library/Core/Src/usbd_core.o
 .comment       0x00000000       0x71 ./Middlewares/ST/STM32_USB_Device_Library/Core/Src/usbd_ctlreq.o
 .comment       0x00000000       0x71 ./Middlewares/ST/STM32_USB_Device_Library/Core/Src/usbd_ioreq.o
 .comment       0x00000000       0x71 ./Middlewares/ST/STM32_USB_Device_Library/Class/CDC/Src/usbd_cdc.o

.ARM.attributes
                0x00000000       0x31
 .ARM.attributes
                0x00000000       0x33 ./system/src/stm32f1xx/stm32f1xx_hal.o
 .ARM.attributes
                0x00000033       0x33 ./system/src/stm32f1xx/stm32f1xx_hal_cortex.o
 .ARM.attributes
                0x00000066       0x33 ./system/src/stm32f1xx/stm32f1xx_hal_pcd.o
 .ARM.attributes
                0x00000099       0x33 ./system/src/stm32f1xx/stm32f1xx_hal_pcd_ex.o
 .ARM.attributes
                0x000000cc       0x33 ./system/src/stm32f1xx/stm32f1xx_hal_rcc.o
 .ARM.attributes
                0x000000ff       0x33 ./system/src/stm32f1xx/stm32f1xx_hal_rcc_ex.o
 .ARM.attributes
                0x00000132       0x33 ./system/src/stm32f1xx/stm32f1xx_hal_tim.o
 .ARM.attributes
                0x00000165       0x33 ./system/src/stm32f1xx/stm32f1xx_hal_tim_ex.o
 .ARM.attributes
                0x00000198       0x33 ./system/src/stm32f1xx/stm32f1xx_ll_usb.o
 .ARM.attributes
                0x000001cb       0x33 ./system/src/newlib/_exit.o
 .ARM.attributes
                0x000001fe       0x33 ./system/src/newlib/_sbrk.o
 .ARM.attributes
                0x00000231       0x33 ./system/src/newlib/_startup.o
 .ARM.attributes
                0x00000264       0x33 ./system/src/newlib/_syscalls.o
 .ARM.attributes
                0x00000297       0x33 ./system/src/diag/Trace.o
 .ARM.attributes
                0x000002ca       0x33 ./system/src/diag/trace_impl.o
 .ARM.attributes
                0x000002fd       0x33 ./system/src/cortexm/_initialize_hardware.o
 .ARM.attributes
                0x00000330       0x33 ./system/src/cortexm/exception_handlers.o
 .ARM.attributes
                0x00000363       0x21 ./system/src/cmsis/startup_stm32f103xb.o
 .ARM.attributes
                0x00000384       0x33 ./system/src/cmsis/system_stm32f1xx.o
 .ARM.attributes
                0x000003b7       0x33 ./src/main.o
 .ARM.attributes
                0x000003ea       0x33 ./src/stm32f1xx_hal_msp.o
 .ARM.attributes
                0x0000041d       0x33 ./src/stm32f1xx_it.o
 .ARM.attributes
                0x00000450       0x33 ./src/usb_device.o
 .ARM.attributes
                0x00000483       0x33 ./src/usbd_cdc_if.o
 .ARM.attributes
                0x000004b6       0x33 ./src/usbd_conf.o
 .ARM.attributes
                0x000004e9       0x33 ./src/usbd_desc.o
 .ARM.attributes
                0x0000051c       0x33 ./Middlewares/ST/STM32_USB_Device_Library/Core/Src/usbd_core.o
 .ARM.attributes
                0x0000054f       0x33 ./Middlewares/ST/STM32_USB_Device_Library/Core/Src/usbd_ctlreq.o
 .ARM.attributes
                0x00000582       0x33 ./Middlewares/ST/STM32_USB_Device_Library/Core/Src/usbd_ioreq.o
 .ARM.attributes
                0x000005b5       0x33 ./Middlewares/ST/STM32_USB_Device_Library/Class/CDC/Src/usbd_cdc.o
 .ARM.attributes
                0x000005e8       0x2d /opt/gcc-arm-none-eabi-4_9-2015q3/bin/../lib/gcc/arm-none-eabi/4.9.3/../../../../arm-none-eabi/lib/armv7-m/libg_nano.a(lib_a-errno.o)
 .ARM.attributes
                0x00000615       0x2d /opt/gcc-arm-none-eabi-4_9-2015q3/bin/../lib/gcc/arm-none-eabi/4.9.3/../../../../arm-none-eabi/lib/armv7-m/libg_nano.a(lib_a-impure.o)
 .ARM.attributes
                0x00000642       0x2d /opt/gcc-arm-none-eabi-4_9-2015q3/bin/../lib/gcc/arm-none-eabi/4.9.3/../../../../arm-none-eabi/lib/armv7-m/libg_nano.a(lib_a-strlen.o)
 .ARM.attributes
                0x0000066f       0x2d /opt/gcc-arm-none-eabi-4_9-2015q3/bin/../lib/gcc/arm-none-eabi/4.9.3/../../../../arm-none-eabi/lib/armv7-m/libg_nano.a(lib_a-vsnprintf.o)
 .ARM.attributes
                0x0000069c       0x2d /opt/gcc-arm-none-eabi-4_9-2015q3/bin/../lib/gcc/arm-none-eabi/4.9.3/../../../../arm-none-eabi/lib/armv7-m/libg_nano.a(lib_a-nano-svfprintf.o)
 .ARM.attributes
                0x000006c9       0x2d /opt/gcc-arm-none-eabi-4_9-2015q3/bin/../lib/gcc/arm-none-eabi/4.9.3/../../../../arm-none-eabi/lib/armv7-m/libg_nano.a(lib_a-nano-vfprintf_i.o)
 .ARM.attributes
                0x000006f6       0x2d /opt/gcc-arm-none-eabi-4_9-2015q3/bin/../lib/gcc/arm-none-eabi/4.9.3/../../../../arm-none-eabi/lib/armv7-m/libg_nano.a(lib_a-memchr.o)
 .ARM.attributes
                0x00000723       0x2d /opt/gcc-arm-none-eabi-4_9-2015q3/bin/../lib/gcc/arm-none-eabi/4.9.3/../../../../arm-none-eabi/lib/armv7-m/libg_nano.a(lib_a-memcpy.o)
 .ARM.attributes
                0x00000750       0x2d /opt/gcc-arm-none-eabi-4_9-2015q3/bin/../lib/gcc/arm-none-eabi/4.9.3/../../../../arm-none-eabi/lib/armv7-m/libg_nano.a(lib_a-memmove.o)
 .ARM.attributes
                0x0000077d       0x2d /opt/gcc-arm-none-eabi-4_9-2015q3/bin/../lib/gcc/arm-none-eabi/4.9.3/../../../../arm-none-eabi/lib/armv7-m/libg_nano.a(lib_a-nano-freer.o)
 .ARM.attributes
                0x000007aa       0x2d /opt/gcc-arm-none-eabi-4_9-2015q3/bin/../lib/gcc/arm-none-eabi/4.9.3/../../../../arm-none-eabi/lib/armv7-m/libg_nano.a(lib_a-nano-mallocr.o)
 .ARM.attributes
                0x000007d7       0x2d /opt/gcc-arm-none-eabi-4_9-2015q3/bin/../lib/gcc/arm-none-eabi/4.9.3/../../../../arm-none-eabi/lib/armv7-m/libg_nano.a(lib_a-nano-reallocr.o)
 .ARM.attributes
                0x00000804       0x2d /opt/gcc-arm-none-eabi-4_9-2015q3/bin/../lib/gcc/arm-none-eabi/4.9.3/../../../../arm-none-eabi/lib/armv7-m/libg_nano.a(lib_a-sbrkr.o)
 .ARM.attributes
                0x00000831       0x2d /opt/gcc-arm-none-eabi-4_9-2015q3/bin/../lib/gcc/arm-none-eabi/4.9.3/../../../../arm-none-eabi/lib/armv7-m/libg_nano.a(lib_a-nano-msizer.o)

.debug
 *(.debug)

.line
 *(.line)

.debug_srcinfo
 *(.debug_srcinfo)

.debug_sfnames
 *(.debug_sfnames)

.debug_aranges  0x00000000      0xff0
 *(.debug_aranges)
 .debug_aranges
                0x00000000       0xd0 ./system/src/stm32f1xx/stm32f1xx_hal.o
 .debug_aranges
                0x000000d0       0x90 ./system/src/stm32f1xx/stm32f1xx_hal_cortex.o
 .debug_aranges
                0x00000160      0x120 ./system/src/stm32f1xx/stm32f1xx_hal_pcd.o
 .debug_aranges
                0x00000280       0x28 ./system/src/stm32f1xx/stm32f1xx_hal_pcd_ex.o
 .debug_aranges
                0x000002a8       0x90 ./system/src/stm32f1xx/stm32f1xx_hal_rcc.o
 .debug_aranges
                0x00000338       0x30 ./system/src/stm32f1xx/stm32f1xx_hal_rcc_ex.o
 .debug_aranges
                0x00000368      0x368 ./system/src/stm32f1xx/stm32f1xx_hal_tim.o
 .debug_aranges
                0x000006d0      0x138 ./system/src/stm32f1xx/stm32f1xx_hal_tim_ex.o
 .debug_aranges
                0x00000808      0x100 ./system/src/stm32f1xx/stm32f1xx_ll_usb.o
 .debug_aranges
                0x00000908       0x28 ./system/src/newlib/_exit.o
 .debug_aranges
                0x00000930       0x20 ./system/src/newlib/_sbrk.o
 .debug_aranges
                0x00000950       0x40 ./system/src/newlib/_startup.o
 .debug_aranges
                0x00000990       0x30 ./system/src/newlib/_syscalls.o
 .debug_aranges
                0x000009c0       0x38 ./system/src/diag/Trace.o
 .debug_aranges
                0x000009f8       0x30 ./system/src/diag/trace_impl.o
 .debug_aranges
                0x00000a28       0x28 ./system/src/cortexm/_initialize_hardware.o
 .debug_aranges
                0x00000a50       0x90 ./system/src/cortexm/exception_handlers.o
 .debug_aranges
                0x00000ae0       0x28 ./system/src/cmsis/startup_stm32f103xb.o
 .debug_aranges
                0x00000b08       0x28 ./system/src/cmsis/system_stm32f1xx.o
 .debug_aranges
                0x00000b30       0x48 ./src/main.o
 .debug_aranges
                0x00000b78       0x30 ./src/stm32f1xx_hal_msp.o
 .debug_aranges
                0x00000ba8       0x68 ./src/stm32f1xx_it.o
 .debug_aranges
                0x00000c10       0x20 ./src/usb_device.o
 .debug_aranges
                0x00000c30       0x40 ./src/usbd_cdc_if.o
 .debug_aranges
                0x00000c70      0x110 ./src/usbd_conf.o
 .debug_aranges
                0x00000d80       0x50 ./src/usbd_desc.o
 .debug_aranges
                0x00000dd0       0xb8 ./Middlewares/ST/STM32_USB_Device_Library/Core/Src/usbd_core.o
 .debug_aranges
                0x00000e88       0x88 ./Middlewares/ST/STM32_USB_Device_Library/Core/Src/usbd_ctlreq.o
 .debug_aranges
                0x00000f10       0x50 ./Middlewares/ST/STM32_USB_Device_Library/Core/Src/usbd_ioreq.o
 .debug_aranges
                0x00000f60       0x90 ./Middlewares/ST/STM32_USB_Device_Library/Class/CDC/Src/usbd_cdc.o

.debug_pubnames
 *(.debug_pubnames)

.debug_info     0x00000000    0x140a8
 *(.debug_info .gnu.linkonce.wi.*)
 .debug_info    0x00000000      0x790 ./system/src/stm32f1xx/stm32f1xx_hal.o
 .debug_info    0x00000790      0xd76 ./system/src/stm32f1xx/stm32f1xx_hal_cortex.o
 .debug_info    0x00001506     0x12c2 ./system/src/stm32f1xx/stm32f1xx_hal_pcd.o
 .debug_info    0x000027c8      0x57b ./system/src/stm32f1xx/stm32f1xx_hal_pcd_ex.o
 .debug_info    0x00002d43      0xcd7 ./system/src/stm32f1xx/stm32f1xx_hal_rcc.o
 .debug_info    0x00003a1a      0x4a8 ./system/src/stm32f1xx/stm32f1xx_hal_rcc_ex.o
 .debug_info    0x00003ec2     0x4480 ./system/src/stm32f1xx/stm32f1xx_hal_tim.o
 .debug_info    0x00008342     0x182d ./system/src/stm32f1xx/stm32f1xx_hal_tim_ex.o
 .debug_info    0x00009b6f      0xed0 ./system/src/stm32f1xx/stm32f1xx_ll_usb.o
 .debug_info    0x0000aa3f      0x100 ./system/src/newlib/_exit.o
 .debug_info    0x0000ab3f      0x125 ./system/src/newlib/_sbrk.o
 .debug_info    0x0000ac64      0x475 ./system/src/newlib/_startup.o
 .debug_info    0x0000b0d9      0x1bc ./system/src/newlib/_syscalls.o
 .debug_info    0x0000b295      0x32b ./system/src/diag/Trace.o
 .debug_info    0x0000b5c0      0x305 ./system/src/diag/trace_impl.o
 .debug_info    0x0000b8c5      0x294 ./system/src/cortexm/_initialize_hardware.o
 .debug_info    0x0000bb59      0x8d8 ./system/src/cortexm/exception_handlers.o
 .debug_info    0x0000c431       0x7e ./system/src/cmsis/startup_stm32f103xb.o
 .debug_info    0x0000c4af      0x39e ./system/src/cmsis/system_stm32f1xx.o
 .debug_info    0x0000c84d      0xdf1 ./src/main.o
 .debug_info    0x0000d63e      0x935 ./src/stm32f1xx_hal_msp.o
 .debug_info    0x0000df73      0x5b1 ./src/stm32f1xx_it.o
 .debug_info    0x0000e524      0x645 ./src/usb_device.o
 .debug_info    0x0000eb69      0x7eb ./src/usbd_cdc_if.o
 .debug_info    0x0000f354     0x1985 ./src/usbd_conf.o
 .debug_info    0x00010cd9      0x495 ./src/usbd_desc.o
 .debug_info    0x0001116e      0xcbb ./Middlewares/ST/STM32_USB_Device_Library/Core/Src/usbd_core.o
 .debug_info    0x00011e29      0xe08 ./Middlewares/ST/STM32_USB_Device_Library/Core/Src/usbd_ctlreq.o
 .debug_info    0x00012c31      0x73e ./Middlewares/ST/STM32_USB_Device_Library/Core/Src/usbd_ioreq.o
 .debug_info    0x0001336f      0xd39 ./Middlewares/ST/STM32_USB_Device_Library/Class/CDC/Src/usbd_cdc.o

.debug_abbrev   0x00000000     0x3586
 *(.debug_abbrev)
 .debug_abbrev  0x00000000      0x219 ./system/src/stm32f1xx/stm32f1xx_hal.o
 .debug_abbrev  0x00000219      0x2d7 ./system/src/stm32f1xx/stm32f1xx_hal_cortex.o
 .debug_abbrev  0x000004f0      0x2bd ./system/src/stm32f1xx/stm32f1xx_hal_pcd.o
 .debug_abbrev  0x000007ad      0x16c ./system/src/stm32f1xx/stm32f1xx_hal_pcd_ex.o
 .debug_abbrev  0x00000919      0x295 ./system/src/stm32f1xx/stm32f1xx_hal_rcc.o
 .debug_abbrev  0x00000bae      0x1f6 ./system/src/stm32f1xx/stm32f1xx_hal_rcc_ex.o
 .debug_abbrev  0x00000da4      0x24e ./system/src/stm32f1xx/stm32f1xx_hal_tim.o
 .debug_abbrev  0x00000ff2      0x22c ./system/src/stm32f1xx/stm32f1xx_hal_tim_ex.o
 .debug_abbrev  0x0000121e      0x1c4 ./system/src/stm32f1xx/stm32f1xx_ll_usb.o
 .debug_abbrev  0x000013e2       0xa4 ./system/src/newlib/_exit.o
 .debug_abbrev  0x00001486       0xbb ./system/src/newlib/_sbrk.o
 .debug_abbrev  0x00001541      0x1e9 ./system/src/newlib/_startup.o
 .debug_abbrev  0x0000172a       0xee ./system/src/newlib/_syscalls.o
 .debug_abbrev  0x00001818      0x178 ./system/src/diag/Trace.o
 .debug_abbrev  0x00001990      0x1bd ./system/src/diag/trace_impl.o
 .debug_abbrev  0x00001b4d       0xea ./system/src/cortexm/_initialize_hardware.o
 .debug_abbrev  0x00001c37      0x23e ./system/src/cortexm/exception_handlers.o
 .debug_abbrev  0x00001e75       0x12 ./system/src/cmsis/startup_stm32f103xb.o
 .debug_abbrev  0x00001e87      0x123 ./system/src/cmsis/system_stm32f1xx.o
 .debug_abbrev  0x00001faa      0x273 ./src/main.o
 .debug_abbrev  0x0000221d      0x19e ./src/stm32f1xx_hal_msp.o
 .debug_abbrev  0x000023bb      0x182 ./src/stm32f1xx_it.o
 .debug_abbrev  0x0000253d      0x185 ./src/usb_device.o
 .debug_abbrev  0x000026c2      0x225 ./src/usbd_cdc_if.o
 .debug_abbrev  0x000028e7      0x2c3 ./src/usbd_conf.o
 .debug_abbrev  0x00002baa      0x165 ./src/usbd_desc.o
 .debug_abbrev  0x00002d0f      0x217 ./Middlewares/ST/STM32_USB_Device_Library/Core/Src/usbd_core.o
 .debug_abbrev  0x00002f26      0x281 ./Middlewares/ST/STM32_USB_Device_Library/Core/Src/usbd_ctlreq.o
 .debug_abbrev  0x000031a7      0x16d ./Middlewares/ST/STM32_USB_Device_Library/Core/Src/usbd_ioreq.o
 .debug_abbrev  0x00003314      0x272 ./Middlewares/ST/STM32_USB_Device_Library/Class/CDC/Src/usbd_cdc.o

.debug_line     0x00000000     0xc57e
 *(.debug_line)
 .debug_line    0x00000000      0x68e ./system/src/stm32f1xx/stm32f1xx_hal.o
 .debug_line    0x0000068e      0x6bd ./system/src/stm32f1xx/stm32f1xx_hal_cortex.o
 .debug_line    0x00000d4b      0x96a ./system/src/stm32f1xx/stm32f1xx_hal_pcd.o
 .debug_line    0x000016b5      0x4fc ./system/src/stm32f1xx/stm32f1xx_hal_pcd_ex.o
 .debug_line    0x00001bb1      0x932 ./system/src/stm32f1xx/stm32f1xx_hal_rcc.o
 .debug_line    0x000024e3      0x5d0 ./system/src/stm32f1xx/stm32f1xx_hal_rcc_ex.o
 .debug_line    0x00002ab3     0x23b5 ./system/src/stm32f1xx/stm32f1xx_hal_tim.o
 .debug_line    0x00004e68      0xdce ./system/src/stm32f1xx/stm32f1xx_hal_tim_ex.o
 .debug_line    0x00005c36      0x8eb ./system/src/stm32f1xx/stm32f1xx_ll_usb.o
 .debug_line    0x00006521      0x273 ./system/src/newlib/_exit.o
 .debug_line    0x00006794      0x220 ./system/src/newlib/_sbrk.o
 .debug_line    0x000069b4      0x2de ./system/src/newlib/_startup.o
 .debug_line    0x00006c92      0x337 ./system/src/newlib/_syscalls.o
 .debug_line    0x00006fc9      0x2d0 ./system/src/diag/Trace.o
 .debug_line    0x00007299      0x389 ./system/src/diag/trace_impl.o
 .debug_line    0x00007622      0x190 ./system/src/cortexm/_initialize_hardware.o
 .debug_line    0x000077b2      0x442 ./system/src/cortexm/exception_handlers.o
 .debug_line    0x00007bf4       0x86 ./system/src/cmsis/startup_stm32f103xb.o
 .debug_line    0x00007c7a      0x198 ./system/src/cmsis/system_stm32f1xx.o
 .debug_line    0x00007e12      0x5f6 ./src/main.o
 .debug_line    0x00008408      0x4fe ./src/stm32f1xx_hal_msp.o
 .debug_line    0x00008906      0x582 ./src/stm32f1xx_it.o
 .debug_line    0x00008e88      0x5ff ./src/usb_device.o
 .debug_line    0x00009487      0x62e ./src/usbd_cdc_if.o
 .debug_line    0x00009ab5      0x840 ./src/usbd_conf.o
 .debug_line    0x0000a2f5      0x608 ./src/usbd_desc.o
 .debug_line    0x0000a8fd      0x77a ./Middlewares/ST/STM32_USB_Device_Library/Core/Src/usbd_core.o
 .debug_line    0x0000b077      0x778 ./Middlewares/ST/STM32_USB_Device_Library/Core/Src/usbd_ctlreq.o
 .debug_line    0x0000b7ef      0x627 ./Middlewares/ST/STM32_USB_Device_Library/Core/Src/usbd_ioreq.o
 .debug_line    0x0000be16      0x768 ./Middlewares/ST/STM32_USB_Device_Library/Class/CDC/Src/usbd_cdc.o

.debug_frame    0x00000000     0x2a8c
 *(.debug_frame)
 .debug_frame   0x00000000      0x1ac ./system/src/stm32f1xx/stm32f1xx_hal.o
 .debug_frame   0x000001ac      0x164 ./system/src/stm32f1xx/stm32f1xx_hal_cortex.o
 .debug_frame   0x00000310      0x308 ./system/src/stm32f1xx/stm32f1xx_hal_pcd.o
 .debug_frame   0x00000618       0x3c ./system/src/stm32f1xx/stm32f1xx_hal_pcd_ex.o
 .debug_frame   0x00000654      0x184 ./system/src/stm32f1xx/stm32f1xx_hal_rcc.o
 .debug_frame   0x000007d8       0x68 ./system/src/stm32f1xx/stm32f1xx_hal_rcc_ex.o
 .debug_frame   0x00000840      0xa88 ./system/src/stm32f1xx/stm32f1xx_hal_tim.o
 .debug_frame   0x000012c8      0x3c8 ./system/src/stm32f1xx/stm32f1xx_hal_tim_ex.o
 .debug_frame   0x00001690      0x230 ./system/src/stm32f1xx/stm32f1xx_ll_usb.o
 .debug_frame   0x000018c0       0x38 ./system/src/newlib/_exit.o
 .debug_frame   0x000018f8       0x28 ./system/src/newlib/_sbrk.o
 .debug_frame   0x00001920       0x7c ./system/src/newlib/_startup.o
 .debug_frame   0x0000199c       0x50 ./system/src/newlib/_syscalls.o
 .debug_frame   0x000019ec       0x94 ./system/src/diag/Trace.o
 .debug_frame   0x00001a80       0x60 ./system/src/diag/trace_impl.o
 .debug_frame   0x00001ae0       0x40 ./system/src/cortexm/_initialize_hardware.o
 .debug_frame   0x00001b20      0x158 ./system/src/cortexm/exception_handlers.o
 .debug_frame   0x00001c78       0x30 ./system/src/cmsis/system_stm32f1xx.o
 .debug_frame   0x00001ca8       0x98 ./src/main.o
 .debug_frame   0x00001d40       0x54 ./src/stm32f1xx_hal_msp.o
 .debug_frame   0x00001d94       0xc0 ./src/stm32f1xx_it.o
 .debug_frame   0x00001e54       0x28 ./src/usb_device.o
 .debug_frame   0x00001e7c       0x7c ./src/usbd_cdc_if.o
 .debug_frame   0x00001ef8      0x2e0 ./src/usbd_conf.o
 .debug_frame   0x000021d8       0xa8 ./src/usbd_desc.o
 .debug_frame   0x00002280      0x1c4 ./Middlewares/ST/STM32_USB_Device_Library/Core/Src/usbd_core.o
 .debug_frame   0x00002444      0x178 ./Middlewares/ST/STM32_USB_Device_Library/Core/Src/usbd_ctlreq.o
 .debug_frame   0x000025bc       0xc0 ./Middlewares/ST/STM32_USB_Device_Library/Core/Src/usbd_ioreq.o
 .debug_frame   0x0000267c      0x144 ./Middlewares/ST/STM32_USB_Device_Library/Class/CDC/Src/usbd_cdc.o
 .debug_frame   0x000027c0       0x20 /opt/gcc-arm-none-eabi-4_9-2015q3/bin/../lib/gcc/arm-none-eabi/4.9.3/../../../../arm-none-eabi/lib/armv7-m/libg_nano.a(lib_a-errno.o)
 .debug_frame   0x000027e0       0x20 /opt/gcc-arm-none-eabi-4_9-2015q3/bin/../lib/gcc/arm-none-eabi/4.9.3/../../../../arm-none-eabi/lib/armv7-m/libg_nano.a(lib_a-strlen.o)
 .debug_frame   0x00002800       0x50 /opt/gcc-arm-none-eabi-4_9-2015q3/bin/../lib/gcc/arm-none-eabi/4.9.3/../../../../arm-none-eabi/lib/armv7-m/libg_nano.a(lib_a-vsnprintf.o)
 .debug_frame   0x00002850       0x8c /opt/gcc-arm-none-eabi-4_9-2015q3/bin/../lib/gcc/arm-none-eabi/4.9.3/../../../../arm-none-eabi/lib/armv7-m/libg_nano.a(lib_a-nano-svfprintf.o)
 .debug_frame   0x000028dc       0x58 /opt/gcc-arm-none-eabi-4_9-2015q3/bin/../lib/gcc/arm-none-eabi/4.9.3/../../../../arm-none-eabi/lib/armv7-m/libg_nano.a(lib_a-nano-vfprintf_i.o)
 .debug_frame   0x00002934       0x28 /opt/gcc-arm-none-eabi-4_9-2015q3/bin/../lib/gcc/arm-none-eabi/4.9.3/../../../../arm-none-eabi/lib/armv7-m/libg_nano.a(lib_a-memchr.o)
 .debug_frame   0x0000295c       0x28 /opt/gcc-arm-none-eabi-4_9-2015q3/bin/../lib/gcc/arm-none-eabi/4.9.3/../../../../arm-none-eabi/lib/armv7-m/libg_nano.a(lib_a-memcpy.o)
 .debug_frame   0x00002984       0x28 /opt/gcc-arm-none-eabi-4_9-2015q3/bin/../lib/gcc/arm-none-eabi/4.9.3/../../../../arm-none-eabi/lib/armv7-m/libg_nano.a(lib_a-memmove.o)
 .debug_frame   0x000029ac       0x2c /opt/gcc-arm-none-eabi-4_9-2015q3/bin/../lib/gcc/arm-none-eabi/4.9.3/../../../../arm-none-eabi/lib/armv7-m/libg_nano.a(lib_a-nano-freer.o)
 .debug_frame   0x000029d8       0x2c /opt/gcc-arm-none-eabi-4_9-2015q3/bin/../lib/gcc/arm-none-eabi/4.9.3/../../../../arm-none-eabi/lib/armv7-m/libg_nano.a(lib_a-nano-mallocr.o)
 .debug_frame   0x00002a04       0x3c /opt/gcc-arm-none-eabi-4_9-2015q3/bin/../lib/gcc/arm-none-eabi/4.9.3/../../../../arm-none-eabi/lib/armv7-m/libg_nano.a(lib_a-nano-reallocr.o)
 .debug_frame   0x00002a40       0x2c /opt/gcc-arm-none-eabi-4_9-2015q3/bin/../lib/gcc/arm-none-eabi/4.9.3/../../../../arm-none-eabi/lib/armv7-m/libg_nano.a(lib_a-sbrkr.o)
 .debug_frame   0x00002a6c       0x20 /opt/gcc-arm-none-eabi-4_9-2015q3/bin/../lib/gcc/arm-none-eabi/4.9.3/../../../../arm-none-eabi/lib/armv7-m/libg_nano.a(lib_a-nano-msizer.o)

.debug_str      0x00000000    0x74e2e
 *(.debug_str)
 .debug_str     0x00000000    0x6dc5b ./system/src/stm32f1xx/stm32f1xx_hal.o
                              0x6e049 (size before relaxing)
 .debug_str     0x0006dc5b      0x2cb ./system/src/stm32f1xx/stm32f1xx_hal_cortex.o
                              0x6df8c (size before relaxing)
 .debug_str     0x0006df26      0x820 ./system/src/stm32f1xx/stm32f1xx_hal_pcd.o
                              0x6e140 (size before relaxing)
 .debug_str     0x0006e746       0x4b ./system/src/stm32f1xx/stm32f1xx_hal_pcd_ex.o
                              0x6dbff (size before relaxing)
 .debug_str     0x0006e791      0x3ba ./system/src/stm32f1xx/stm32f1xx_hal_rcc.o
                              0x6dd4b (size before relaxing)
 .debug_str     0x0006eb4b      0x11f ./system/src/stm32f1xx/stm32f1xx_hal_rcc_ex.o
                              0x6daac (size before relaxing)
 .debug_str     0x0006ec6a     0x1093 ./system/src/stm32f1xx/stm32f1xx_hal_tim.o
                              0x6ea17 (size before relaxing)
 .debug_str     0x0006fcfd      0x4e5 ./system/src/stm32f1xx/stm32f1xx_hal_tim_ex.o
                              0x6e2b9 (size before relaxing)
 .debug_str     0x000701e2      0x139 ./system/src/stm32f1xx/stm32f1xx_ll_usb.o
                              0x6ddd2 (size before relaxing)
 .debug_str     0x0007031b     0x108b ./system/src/newlib/_exit.o
                               0x5ff8 (size before relaxing)
 .debug_str     0x000713a6      0x4de ./system/src/newlib/_sbrk.o
                               0x5409 (size before relaxing)
 .debug_str     0x00071884      0x260 ./system/src/newlib/_startup.o
                               0x4fe1 (size before relaxing)
 .debug_str     0x00071ae4     0x11be ./system/src/newlib/_syscalls.o
                               0x6609 (size before relaxing)
 .debug_str     0x00072ca2      0x191 ./system/src/diag/Trace.o
                               0x6919 (size before relaxing)
 .debug_str     0x00072e33      0x372 ./system/src/diag/trace_impl.o
                              0x57de1 (size before relaxing)
 .debug_str     0x000731a5       0x5e ./system/src/cortexm/_initialize_hardware.o
                              0x54e1e (size before relaxing)
 .debug_str     0x00073203      0x19d ./system/src/cortexm/exception_handlers.o
                              0x58b7f (size before relaxing)
 .debug_str     0x000733a0       0x68 ./system/src/cmsis/system_stm32f1xx.o
                              0x54e6f (size before relaxing)
 .debug_str     0x00073408      0x928 ./src/main.o
                              0x6ed35 (size before relaxing)
 .debug_str     0x00073d30       0x49 ./src/stm32f1xx_hal_msp.o
                              0x6dff2 (size before relaxing)
 .debug_str     0x00073d79       0x34 ./src/stm32f1xx_it.o
                              0x6dc61 (size before relaxing)
 .debug_str     0x00073dad      0x6d7 ./src/usb_device.o
                              0x6e9d5 (size before relaxing)
 .debug_str     0x00074484      0x14e ./src/usbd_cdc_if.o
                              0x6ea6d (size before relaxing)
 .debug_str     0x000745d2      0x21d ./src/usbd_conf.o
                              0x6f491 (size before relaxing)
 .debug_str     0x000747ef      0x230 ./src/usbd_desc.o
                              0x6e5ae (size before relaxing)
 .debug_str     0x00074a1f      0x141 ./Middlewares/ST/STM32_USB_Device_Library/Core/Src/usbd_core.o
                              0x6e8ce (size before relaxing)
 .debug_str     0x00074b60       0xe5 ./Middlewares/ST/STM32_USB_Device_Library/Core/Src/usbd_ctlreq.o
                              0x6e7e8 (size before relaxing)
 .debug_str     0x00074c45       0x63 ./Middlewares/ST/STM32_USB_Device_Library/Core/Src/usbd_ioreq.o
                              0x6e715 (size before relaxing)
 .debug_str     0x00074ca8      0x186 ./Middlewares/ST/STM32_USB_Device_Library/Class/CDC/Src/usbd_cdc.o
                              0x6ec08 (size before relaxing)

.debug_loc      0x00000000     0x8a76
 *(.debug_loc)
 .debug_loc     0x00000000       0xe0 ./system/src/stm32f1xx/stm32f1xx_hal.o
 .debug_loc     0x000000e0      0x5ef ./system/src/stm32f1xx/stm32f1xx_hal_cortex.o
 .debug_loc     0x000006cf      0x969 ./system/src/stm32f1xx/stm32f1xx_hal_pcd.o
 .debug_loc     0x00001038       0xec ./system/src/stm32f1xx/stm32f1xx_hal_pcd_ex.o
 .debug_loc     0x00001124      0x579 ./system/src/stm32f1xx/stm32f1xx_hal_rcc.o
 .debug_loc     0x0000169d      0x2d4 ./system/src/stm32f1xx/stm32f1xx_hal_rcc_ex.o
 .debug_loc     0x00001971     0x2794 ./system/src/stm32f1xx/stm32f1xx_hal_tim.o
 .debug_loc     0x00004105      0xd33 ./system/src/stm32f1xx/stm32f1xx_hal_tim_ex.o
 .debug_loc     0x00004e38      0xbb0 ./system/src/stm32f1xx/stm32f1xx_ll_usb.o
 .debug_loc     0x000059e8       0x82 ./system/src/newlib/_sbrk.o
 .debug_loc     0x00005a6a      0x265 ./system/src/newlib/_startup.o
 .debug_loc     0x00005ccf       0x63 ./system/src/newlib/_syscalls.o
 .debug_loc     0x00005d32       0xf7 ./system/src/diag/Trace.o
 .debug_loc     0x00005e29      0x17c ./system/src/diag/trace_impl.o
 .debug_loc     0x00005fa5      0x2a8 ./system/src/cortexm/exception_handlers.o
 .debug_loc     0x0000624d       0xe4 ./system/src/cmsis/system_stm32f1xx.o
 .debug_loc     0x00006331      0x12a ./src/usbd_cdc_if.o
 .debug_loc     0x0000645b      0xb5e ./src/usbd_conf.o
 .debug_loc     0x00006fb9      0x2b7 ./src/usbd_desc.o
 .debug_loc     0x00007270      0x61e ./Middlewares/ST/STM32_USB_Device_Library/Core/Src/usbd_core.o
 .debug_loc     0x0000788e      0xb33 ./Middlewares/ST/STM32_USB_Device_Library/Core/Src/usbd_ctlreq.o
 .debug_loc     0x000083c1      0x204 ./Middlewares/ST/STM32_USB_Device_Library/Core/Src/usbd_ioreq.o
 .debug_loc     0x000085c5      0x4b1 ./Middlewares/ST/STM32_USB_Device_Library/Class/CDC/Src/usbd_cdc.o

.debug_macinfo
 *(.debug_macinfo)

.debug_weaknames
 *(.debug_weaknames)

.debug_funcnames
 *(.debug_funcnames)

.debug_typenames
 *(.debug_typenames)

.debug_varnames
 *(.debug_varnames)
OUTPUT(test-eclipse-stm32cube.elf elf32-littlearm)

.debug_ranges   0x00000000      0xe90
 .debug_ranges  0x00000000       0xc0 ./system/src/stm32f1xx/stm32f1xx_hal.o
 .debug_ranges  0x000000c0       0x80 ./system/src/stm32f1xx/stm32f1xx_hal_cortex.o
 .debug_ranges  0x00000140      0x110 ./system/src/stm32f1xx/stm32f1xx_hal_pcd.o
 .debug_ranges  0x00000250       0x18 ./system/src/stm32f1xx/stm32f1xx_hal_pcd_ex.o
 .debug_ranges  0x00000268       0x98 ./system/src/stm32f1xx/stm32f1xx_hal_rcc.o
 .debug_ranges  0x00000300       0x38 ./system/src/stm32f1xx/stm32f1xx_hal_rcc_ex.o
 .debug_ranges  0x00000338      0x358 ./system/src/stm32f1xx/stm32f1xx_hal_tim.o
 .debug_ranges  0x00000690      0x128 ./system/src/stm32f1xx/stm32f1xx_hal_tim_ex.o
 .debug_ranges  0x000007b8       0xf0 ./system/src/stm32f1xx/stm32f1xx_ll_usb.o
 .debug_ranges  0x000008a8       0x18 ./system/src/newlib/_exit.o
 .debug_ranges  0x000008c0       0x10 ./system/src/newlib/_sbrk.o
 .debug_ranges  0x000008d0       0x48 ./system/src/newlib/_startup.o
 .debug_ranges  0x00000918       0x20 ./system/src/newlib/_syscalls.o
 .debug_ranges  0x00000938       0x28 ./system/src/diag/Trace.o
 .debug_ranges  0x00000960       0x38 ./system/src/diag/trace_impl.o
 .debug_ranges  0x00000998       0x18 ./system/src/cortexm/_initialize_hardware.o
 .debug_ranges  0x000009b0       0x98 ./system/src/cortexm/exception_handlers.o
 .debug_ranges  0x00000a48       0x20 ./system/src/cmsis/startup_stm32f103xb.o
 .debug_ranges  0x00000a68       0x18 ./system/src/cmsis/system_stm32f1xx.o
 .debug_ranges  0x00000a80       0x38 ./src/main.o
 .debug_ranges  0x00000ab8       0x20 ./src/stm32f1xx_hal_msp.o
 .debug_ranges  0x00000ad8       0x58 ./src/stm32f1xx_it.o
 .debug_ranges  0x00000b30       0x10 ./src/usb_device.o
 .debug_ranges  0x00000b40       0x30 ./src/usbd_cdc_if.o
 .debug_ranges  0x00000b70      0x100 ./src/usbd_conf.o
 .debug_ranges  0x00000c70       0x40 ./src/usbd_desc.o
 .debug_ranges  0x00000cb0       0xa8 ./Middlewares/ST/STM32_USB_Device_Library/Core/Src/usbd_core.o
 .debug_ranges  0x00000d58       0x78 ./Middlewares/ST/STM32_USB_Device_Library/Core/Src/usbd_ctlreq.o
 .debug_ranges  0x00000dd0       0x40 ./Middlewares/ST/STM32_USB_Device_Library/Core/Src/usbd_ioreq.o
 .debug_ranges  0x00000e10       0x80 ./Middlewares/ST/STM32_USB_Device_Library/Class/CDC/Src/usbd_cdc.o

.debug_macro    0x00000000    0x17e29
 .debug_macro   0x00000000      0x28e ./system/src/stm32f1xx/stm32f1xx_hal.o
 .debug_macro   0x0000028e      0x892 ./system/src/stm32f1xx/stm32f1xx_hal.o
 .debug_macro   0x00000b20       0x10 ./system/src/stm32f1xx/stm32f1xx_hal.o
 .debug_macro   0x00000b30      0x163 ./system/src/stm32f1xx/stm32f1xx_hal.o
 .debug_macro   0x00000c93       0x2e ./system/src/stm32f1xx/stm32f1xx_hal.o
 .debug_macro   0x00000cc1       0x22 ./system/src/stm32f1xx/stm32f1xx_hal.o
 .debug_macro   0x00000ce3      0x34e ./system/src/stm32f1xx/stm32f1xx_hal.o
 .debug_macro   0x00001031       0x34 ./system/src/stm32f1xx/stm32f1xx_hal.o
 .debug_macro   0x00001065       0x34 ./system/src/stm32f1xx/stm32f1xx_hal.o
 .debug_macro   0x00001099      0xb8e ./system/src/stm32f1xx/stm32f1xx_hal.o
 .debug_macro   0x00001c27     0xe90a ./system/src/stm32f1xx/stm32f1xx_hal.o
 .debug_macro   0x00010531       0x43 ./system/src/stm32f1xx/stm32f1xx_hal.o
 .debug_macro   0x00010574       0x58 ./system/src/stm32f1xx/stm32f1xx_hal.o
 .debug_macro   0x000105cc       0x22 ./system/src/stm32f1xx/stm32f1xx_hal.o
 .debug_macro   0x000105ee       0x35 ./system/src/stm32f1xx/stm32f1xx_hal.o
 .debug_macro   0x00010623       0x9c ./system/src/stm32f1xx/stm32f1xx_hal.o
 .debug_macro   0x000106bf       0x16 ./system/src/stm32f1xx/stm32f1xx_hal.o
 .debug_macro   0x000106d5       0x4a ./system/src/stm32f1xx/stm32f1xx_hal.o
 .debug_macro   0x0001071f       0x97 ./system/src/stm32f1xx/stm32f1xx_hal.o
 .debug_macro   0x000107b6      0x27a ./system/src/stm32f1xx/stm32f1xx_hal.o
 .debug_macro   0x00010a30       0xf6 ./system/src/stm32f1xx/stm32f1xx_hal.o
 .debug_macro   0x00010b26       0x10 ./system/src/stm32f1xx/stm32f1xx_hal.o
 .debug_macro   0x00010b36       0x52 ./system/src/stm32f1xx/stm32f1xx_hal.o
 .debug_macro   0x00010b88       0x16 ./system/src/stm32f1xx/stm32f1xx_hal.o
 .debug_macro   0x00010b9e       0x43 ./system/src/stm32f1xx/stm32f1xx_hal.o
 .debug_macro   0x00010be1      0x180 ./system/src/stm32f1xx/stm32f1xx_hal.o
 .debug_macro   0x00010d61       0x10 ./system/src/stm32f1xx/stm32f1xx_hal.o
 .debug_macro   0x00010d71       0x22 ./system/src/stm32f1xx/stm32f1xx_hal.o
 .debug_macro   0x00010d93       0x22 ./system/src/stm32f1xx/stm32f1xx_hal.o
 .debug_macro   0x00010db5       0xbe ./system/src/stm32f1xx/stm32f1xx_hal.o
 .debug_macro   0x00010e73       0x16 ./system/src/stm32f1xx/stm32f1xx_hal.o
 .debug_macro   0x00010e89      0x197 ./system/src/stm32f1xx/stm32f1xx_hal.o
 .debug_macro   0x00011020       0x57 ./system/src/stm32f1xx/stm32f1xx_hal.o
 .debug_macro   0x00011077      0x5c2 ./system/src/stm32f1xx/stm32f1xx_hal.o
 .debug_macro   0x00011639      0x28a ./system/src/stm32f1xx/stm32f1xx_hal.o
 .debug_macro   0x000118c3      0x1cb ./system/src/stm32f1xx/stm32f1xx_hal.o
 .debug_macro   0x00011a8e      0x11e ./system/src/stm32f1xx/stm32f1xx_hal.o
 .debug_macro   0x00011bac      0x1b3 ./system/src/stm32f1xx/stm32f1xx_hal.o
 .debug_macro   0x00011d5f       0x27 ./system/src/stm32f1xx/stm32f1xx_hal.o
 .debug_macro   0x00011d86      0x1bc ./system/src/stm32f1xx/stm32f1xx_hal.o
 .debug_macro   0x00011f42       0x34 ./system/src/stm32f1xx/stm32f1xx_hal.o
 .debug_macro   0x00011f76       0x3c ./system/src/stm32f1xx/stm32f1xx_hal.o
 .debug_macro   0x00011fb2       0x57 ./system/src/stm32f1xx/stm32f1xx_hal.o
 .debug_macro   0x00012009       0x8c ./system/src/stm32f1xx/stm32f1xx_hal.o
 .debug_macro   0x00012095      0x242 ./system/src/stm32f1xx/stm32f1xx_hal.o
 .debug_macro   0x000122d7      0x143 ./system/src/stm32f1xx/stm32f1xx_hal.o
 .debug_macro   0x0001241a      0x84c ./system/src/stm32f1xx/stm32f1xx_hal.o
 .debug_macro   0x00012c66       0x1f ./system/src/stm32f1xx/stm32f1xx_hal.o
 .debug_macro   0x00012c85       0x50 ./system/src/stm32f1xx/stm32f1xx_hal.o
 .debug_macro   0x00012cd5      0x26c ./system/src/stm32f1xx/stm32f1xx_hal.o
 .debug_macro   0x00012f41       0x83 ./system/src/stm32f1xx/stm32f1xx_hal.o
 .debug_macro   0x00012fc4      0x26a ./system/src/stm32f1xx/stm32f1xx_hal_cortex.o
 .debug_macro   0x0001322e      0x276 ./system/src/stm32f1xx/stm32f1xx_hal_pcd.o
 .debug_macro   0x000134a4      0x26a ./system/src/stm32f1xx/stm32f1xx_hal_pcd_ex.o
 .debug_macro   0x0001370e      0x27c ./system/src/stm32f1xx/stm32f1xx_hal_rcc.o
 .debug_macro   0x0001398a      0x26a ./system/src/stm32f1xx/stm32f1xx_hal_rcc_ex.o
 .debug_macro   0x00013bf4      0x26a ./system/src/stm32f1xx/stm32f1xx_hal_tim.o
 .debug_macro   0x00013e5e      0x26a ./system/src/stm32f1xx/stm32f1xx_hal_tim_ex.o
 .debug_macro   0x000140c8      0x26a ./system/src/stm32f1xx/stm32f1xx_ll_usb.o
 .debug_macro   0x00014332      0x131 ./system/src/newlib/_exit.o
 .debug_macro   0x00014463      0x10e ./system/src/newlib/_exit.o
 .debug_macro   0x00014571       0x86 ./system/src/newlib/_exit.o
 .debug_macro   0x000145f7       0x35 ./system/src/newlib/_exit.o
 .debug_macro   0x0001462c       0xed ./system/src/newlib/_sbrk.o
 .debug_macro   0x00014719      0x16d ./system/src/newlib/_sbrk.o
 .debug_macro   0x00014886       0x10 ./system/src/newlib/_sbrk.o
 .debug_macro   0x00014896      0x23b ./system/src/newlib/_sbrk.o
 .debug_macro   0x00014ad1       0xf7 ./system/src/newlib/_startup.o
 .debug_macro   0x00014bc8      0x1ad ./system/src/newlib/_syscalls.o
 .debug_macro   0x00014d75       0x1c ./system/src/newlib/_syscalls.o
 .debug_macro   0x00014d91       0x10 ./system/src/newlib/_syscalls.o
 .debug_macro   0x00014da1       0x10 ./system/src/newlib/_syscalls.o
 .debug_macro   0x00014db1       0x10 ./system/src/newlib/_syscalls.o
 .debug_macro   0x00014dc1       0x10 ./system/src/newlib/_syscalls.o
 .debug_macro   0x00014dd1       0x35 ./system/src/newlib/_syscalls.o
 .debug_macro   0x00014e06      0x122 ./system/src/newlib/_syscalls.o
 .debug_macro   0x00014f28       0x2e ./system/src/newlib/_syscalls.o
 .debug_macro   0x00014f56       0x82 ./system/src/newlib/_syscalls.o
 .debug_macro   0x00014fd8       0x2b ./system/src/newlib/_syscalls.o
 .debug_macro   0x00015003      0x118 ./system/src/newlib/_syscalls.o
 .debug_macro   0x0001511b      0x159 ./system/src/newlib/_syscalls.o
 .debug_macro   0x00015274       0x16 ./system/src/newlib/_syscalls.o
 .debug_macro   0x0001528a      0x15e ./system/src/diag/Trace.o
 .debug_macro   0x000153e8       0x52 ./system/src/diag/Trace.o
 .debug_macro   0x0001543a       0x16 ./system/src/diag/Trace.o
 .debug_macro   0x00015450      0x17d ./system/src/diag/trace_impl.o
 .debug_macro   0x000155cd       0x10 ./system/src/diag/trace_impl.o
 .debug_macro   0x000155dd       0xc8 ./system/src/diag/trace_impl.o
 .debug_macro   0x000156a5       0x19 ./system/src/diag/trace_impl.o
 .debug_macro   0x000156be       0xbe ./system/src/diag/trace_impl.o
 .debug_macro   0x0001577c       0x22 ./system/src/diag/trace_impl.o
 .debug_macro   0x0001579e       0x8a ./system/src/cortexm/_initialize_hardware.o
 .debug_macro   0x00015828      0x1b3 ./system/src/cortexm/exception_handlers.o
 .debug_macro   0x000159db       0x3a ./system/src/cortexm/exception_handlers.o
 .debug_macro   0x00015a15       0x10 ./system/src/cortexm/exception_handlers.o
 .debug_macro   0x00015a25       0x8c ./system/src/cmsis/system_stm32f1xx.o
 .debug_macro   0x00015ab1      0x2e5 ./src/main.o
 .debug_macro   0x00015d96       0x6a ./src/main.o
 .debug_macro   0x00015e00      0x1c3 ./src/main.o
 .debug_macro   0x00015fc3      0x26a ./src/stm32f1xx_hal_msp.o
 .debug_macro   0x0001622d      0x274 ./src/stm32f1xx_it.o
 .debug_macro   0x000164a1      0x334 ./src/usb_device.o
 .debug_macro   0x000167d5       0x83 ./src/usb_device.o
 .debug_macro   0x00016858      0x31e ./src/usbd_cdc_if.o
 .debug_macro   0x00016b76       0x5d ./src/usbd_cdc_if.o
 .debug_macro   0x00016bd3      0x316 ./src/usbd_conf.o
 .debug_macro   0x00016ee9      0x337 ./src/usbd_desc.o
 .debug_macro   0x00017220      0x2fd ./Middlewares/ST/STM32_USB_Device_Library/Core/Src/usbd_core.o
 .debug_macro   0x0001751d      0x2fd ./Middlewares/ST/STM32_USB_Device_Library/Core/Src/usbd_ctlreq.o
 .debug_macro   0x0001781a      0x2f9 ./Middlewares/ST/STM32_USB_Device_Library/Core/Src/usbd_ioreq.o
 .debug_macro   0x00017b13      0x316 ./Middlewares/ST/STM32_USB_Device_Library/Class/CDC/Src/usbd_cdc.o
